2024-02-09 14:25:16.055 T:8216    debug <general>: CApplicationPlayerCallback::OnAVChange: CApplication::OnAVChange
2024-02-09 14:25:16.055 T:5424    debug <general>: CurlFile::XFILE::CCurlFile::Open - <https://livetv.com/dash/tvid-audio=384000-81959285053614.dash>
2024-02-09 14:25:16.065 T:5728    debug <general>: CDVDAudio::Pause - pausing audio stream
2024-02-09 14:25:16.068 T:9524    debug <general>: CurlFile::XFILE::CCurlFile::Open - <https://livetv.com/dash/tvid-textstream=0-85374255264.dash>
2024-02-09 14:25:16.068 T:9524    debug <general>: XCURL::DllLibCurlGlobal::easy_acquire - Created session to https://livetv.com
2024-02-09 14:25:16.071 T:5424    debug <general>: AddOnLog: inputstream.adaptive: Download finished: https://livetv.com/dash/tvid-audio=384000-81959285053614.dash (downloaded 92420 byte, speed 6161333.00 byte/s)
2024-02-09 14:25:16.071 T:5424    debug <general>: CurlFile::XFILE::CCurlFile::Open - <https://livetv.com/dash/tvid-audio=384000-81959285145774.dash>
2024-02-09 14:25:16.085 T:5424    debug <general>: AddOnLog: inputstream.adaptive: Download finished: https://livetv.com/dash/tvid-audio=384000-81959285145774.dash (downloaded 92420 byte, speed 7109230.00 byte/s)
2024-02-09 14:25:16.085 T:5424    debug <general>: CurlFile::XFILE::CCurlFile::Open - <https://livetv.com/dash/tvid-audio=384000-81959285237934.dash>
2024-02-09 14:25:16.099 T:5424    debug <general>: AddOnLog: inputstream.adaptive: Download finished: https://livetv.com/dash/tvid-audio=384000-81959285237934.dash (downloaded 92420 byte, speed 7109230.00 byte/s)
2024-02-09 14:25:16.099 T:5424    debug <general>: CurlFile::XFILE::CCurlFile::Open - <https://livetv.com/dash/tvid-audio=384000-81959285330094.dash>
2024-02-09 14:25:16.116 T:5424    debug <general>: AddOnLog: inputstream.adaptive: Download finished: https://livetv.com/dash/tvid-audio=384000-81959285330094.dash (downloaded 92420 byte, speed 5436470.00 byte/s)
2024-02-09 14:25:16.117 T:5424    debug <general>: CurlFile::XFILE::CCurlFile::Open - <https://livetv.com/dash/tvid-audio=384000-81959285422254.dash>
2024-02-09 14:25:16.132 T:5424    debug <general>: AddOnLog: inputstream.adaptive: Download finished: https://livetv.com/dash/tvid-audio=384000-81959285422254.dash (downloaded 92420 byte, speed 6601428.00 byte/s)
2024-02-09 14:25:16.132 T:5424    debug <general>: CurlFile::XFILE::CCurlFile::Open - <https://livetv.com/dash/tvid-audio=384000-81959285514414.dash>
2024-02-09 14:25:16.141 T:9524    debug <general>: AddOnLog: inputstream.adaptive: Download finished: https://livetv.com/dash/tvid-textstream=0-85374255264.dash (downloaded 1196 byte, speed 16383.00 byte/s)
2024-02-09 14:25:16.141 T:9524    debug <general>: CurlFile::XFILE::CCurlFile::Open - <https://livetv.com/dash/tvid-textstream=0-85374255360.dash>
2024-02-09 14:25:16.141 T:8304    debug <general>: CurlFile::XFILE::CCurlFile::Open - <https://livetv.com/dash/tvid-video=6000000-1024491063168.dash>
2024-02-09 14:25:16.141 T:8304    debug <general>: XCURL::DllLibCurlGlobal::easy_acquire - Created session to https://livetv.com
2024-02-09 14:25:16.147 T:5424    debug <general>: AddOnLog: inputstream.adaptive: Download finished: https://livetv.com/dash/tvid-audio=384000-81959285514414.dash (downloaded 92420 byte, speed 6161333.00 byte/s)
2024-02-09 14:25:16.147 T:5424    debug <general>: CurlFile::XFILE::CCurlFile::Open - <https://livetv.com/dash/tvid-audio=384000-81959285606574.dash>
2024-02-09 14:25:16.161 T:5424    debug <general>: AddOnLog: inputstream.adaptive: Download finished: https://livetv.com/dash/tvid-audio=384000-81959285606574.dash (downloaded 92420 byte, speed 7109230.00 byte/s)
2024-02-09 14:25:16.161 T:5424    debug <general>: CurlFile::XFILE::CCurlFile::Open - <https://livetv.com/dash/tvid-audio=384000-81959285698734.dash>
2024-02-09 14:25:16.162 T:9524    debug <general>: AddOnLog: inputstream.adaptive: Download finished: https://livetv.com/dash/tvid-textstream=0-85374255360.dash (downloaded 1138 byte, speed 56900.00 byte/s)
2024-02-09 14:25:16.162 T:9524    debug <general>: CurlFile::XFILE::CCurlFile::Open - <https://livetv.com/dash/tvid-textstream=0-85374255456.dash>
2024-02-09 14:25:16.176 T:5424    debug <general>: AddOnLog: inputstream.adaptive: Download finished: https://livetv.com/dash/tvid-audio=384000-81959285698734.dash (downloaded 92420 byte, speed 6161333.00 byte/s)
2024-02-09 14:25:16.186 T:9524    debug <general>: AddOnLog: inputstream.adaptive: Download finished: https://livetv.com/dash/tvid-textstream=0-85374255456.dash (downloaded 1367 byte, speed 59434.00 byte/s)
2024-02-09 14:25:16.186 T:9524    debug <general>: CurlFile::XFILE::CCurlFile::Open - <https://livetv.com/dash/tvid-textstream=0-85374255552.dash>
2024-02-09 14:25:16.207 T:9524    debug <general>: AddOnLog: inputstream.adaptive: Download finished: https://livetv.com/dash/tvid-textstream=0-85374255552.dash (downloaded 1424 byte, speed 67809.00 byte/s)
2024-02-09 14:25:16.208 T:9524    debug <general>: CurlFile::XFILE::CCurlFile::Open - <https://livetv.com/dash/tvid-textstream=0-85374255648.dash>
2024-02-09 14:25:16.230 T:9524    debug <general>: AddOnLog: inputstream.adaptive: Download finished: https://livetv.com/dash/tvid-textstream=0-85374255648.dash (downloaded 1395 byte, speed 63409.00 byte/s)
2024-02-09 14:25:16.230 T:9524    debug <general>: CurlFile::XFILE::CCurlFile::Open - <https://livetv.com/dash/tvid-textstream=0-85374255744.dash>
2024-02-09 14:25:16.249 T:11168   debug <general>: CVideoPlayerVideo - Stillframe left, switching to normal playback
2024-02-09 14:25:16.249 T:11168   debug <general>: CVideoPlayerVideo::CalcDropRequirement - hurry: 0
2024-02-09 14:25:16.249 T:11168   debug <general>: DXVA: open decoder.
2024-02-09 14:25:16.249 T:11168 warning <general>: DXVA::CContext::CreateContext: using app d3d11 device for decoding due extended NV12 shared textures it's not supported.
2024-02-09 14:25:16.249 T:11168   debug <general>: DXVA: supports DFB0145A-37f2-4657-a3bb-c17fb63f879c
2024-02-09 14:25:16.249 T:11168   debug <general>: DXVA: unable to find an input/output format combination.
2024-02-09 14:25:16.249 T:11168   debug <general>: DXVA::CDecoder::~CDecoder: destructing decoder, 0x19f9e513560.
2024-02-09 14:25:16.249 T:11168    info <general>: DXVA::CDecoder::Close: closing decoder.
2024-02-09 14:25:16.249 T:11168    info <general>: DXVA: closing decoder context.
2024-02-09 14:25:16.265 T:11168    info <general>: CDVDVideoCodecFFmpeg::Open() Using codec: H.264 / AVC / MPEG-4 AVC / MPEG-4 part 10
2024-02-09 14:25:16.265 T:11168   debug <general>: CDVDVideoCodecFFmpeg - open frame threaded with 3 threads
2024-02-09 14:25:16.265 T:11168   debug <general>: CDVDVideoCodecFFmpeg - Updated codec: ff-h264
2024-02-09 14:25:16.265 T:11168   debug <general>: CVideoPlayerVideo::CalcDropRequirement - hurry: 0
2024-02-09 14:25:16.302 T:11168    info <general>: Skipped 3 duplicate messages..
2024-02-09 14:25:16.302 T:11168   debug <general>: CRenderManager::Configure - change configuration. 1920x1080. display: 1920x1080. framerate: 50.00.
2024-02-09 14:25:16.302 T:1836    debug <general>: CRenderManager::DeleteRenderer - deleting renderer
2024-02-09 14:25:16.302 T:1836    debug <general>: CWinRenderer::SelectRenderer: requested render method: 0
2024-02-09 14:25:16.303 T:1836    debug <general>: CWinRenderer::SelectRenderer: selected render method: Pixel Shaders
2024-02-09 14:25:16.303 T:1836    debug <general>: CWIN32Util::GetWindowsHDRStatus: Display is not HDR capable or cannot be detected
2024-02-09 14:25:16.303 T:1836    debug <general>: CRendererBase::CreateIntermediateTarget: intermediate target format 87.
2024-02-09 14:25:16.313 T:1836    debug <general>: CRenderManager::Configure - 6
2024-02-09 14:25:16.314 T:1836    debug <general>: CWinShader::LoadEffect: loading shader special://xbmc/system/shaders/output_d3d.fx
2024-02-09 14:25:16.325 T:2192    debug <general>: CVideoPlayer::HandleMessages - player started 2
2024-02-09 14:25:16.325 T:9524    debug <general>: AddOnLog: inputstream.adaptive: Download finished: https://livetv.com/dash/tvid-textstream=0-85374255744.dash (downloaded 1372 byte, speed 14595.00 byte/s)
2024-02-09 14:25:16.325 T:9524    debug <general>: CurlFile::XFILE::CCurlFile::Open - <https://livetv.com/dash/tvid-textstream=0-85374255840.dash>
2024-02-09 14:25:16.328 T:1836    debug <general>: CWinShader::LoadEffect: loading shader special://xbmc/system/shaders/yuv2rgb_d3d.fx
2024-02-09 14:25:16.348 T:7216    debug <general>: CApplicationPlayerCallback::OnAVChange: CApplication::OnAVChange
2024-02-09 14:25:16.385 T:9524    debug <general>: AddOnLog: inputstream.adaptive: Download finished: https://livetv.com/dash/tvid-textstream=0-85374255840.dash (downloaded 1172 byte, speed 19533.00 byte/s)
2024-02-09 14:25:16.386 T:9524    debug <general>: CurlFile::XFILE::CCurlFile::Open - <https://livetv.com/dash/tvid-textstream=0-85374255936.dash>
2024-02-09 14:25:16.396 T:5728    debug <general>: ffmpeg[0x19f9ec37ce0]: [ac3] Multiple frames in a packet.
2024-02-09 14:25:16.396 T:5728    debug <general>: ffmpeg[0x19f9ec37ce0]: [ac3] Additional substreams is not implemented. Update your FFmpeg version to the newest one from Git. If the problem still occurs, it means that your file has a feature which has not been implemented.
2024-02-09 14:25:16.396 T:5728    debug <general>: ffmpeg[0x19f9ec37ce0]: [ac3] If you want to help, upload a sample of this file to https://streams.videolan.org/upload/ and contact the ffmpeg-devel mailing list. (ffmpeg-devel@ffmpeg.org)
2024-02-09 14:25:16.407 T:5728    error <general>: ffmpeg[0x19f9ec37ce0]: [ac3] invalid bitstream id
2024-02-09 14:25:16.407 T:5728    debug <general>: CVideoPlayerAudio: stream props changed, checking for passthrough
2024-02-09 14:25:16.407 T:5728     info <general>: CDVDAudioCodecFFmpeg::Open() Successful opened audio decoder ac3
2024-02-09 14:25:16.407 T:5728     info <general>: Creating audio stream (codec id: 86019, channels: 3, sample rate: 48000, no pass-through)
2024-02-09 14:25:16.407 T:5728    debug <general>: CVideoPlayerAudio:: synctype set to 1: resample
2024-02-09 14:25:16.427 T:9524    debug <general>: AddOnLog: inputstream.adaptive: Download finished: https://livetv.com/dash/tvid-textstream=0-85374255936.dash (downloaded 1172 byte, speed 28585.00 byte/s)
2024-02-09 14:25:16.454 T:568      info <general>: CActiveAESink::OpenSink - initialize sink
2024-02-09 14:25:16.454 T:568     debug <general>: CAESinkDirectSound::Deinitialize: Cleaning up
2024-02-09 14:25:16.571 T:568     debug <general>: CActiveAESink::OpenSink - trying to open device DIRECTSOUND:default
2024-02-09 14:25:16.581 T:568     debug <general>: CAESinkDirectSound::Initialize: Using Window handle: 0x3702d2
2024-02-09 14:25:16.586 T:568     debug <general>: CAESinkDirectSound::Initialize: secondary buffer created
2024-02-09 14:25:16.586 T:568     debug <general>: CAESinkDirectSound::Initialize: Initializing DirectSound with the following parameters:
2024-02-09 14:25:16.586 T:568     debug <general>:   Audio Device    : Speakers (High Definition Audio Device)
2024-02-09 14:25:16.586 T:568     debug <general>:   Sample Rate     : 48000
2024-02-09 14:25:16.586 T:568     debug <general>:   Sample Format   : AE_FMT_FLOAT
2024-02-09 14:25:16.586 T:568     debug <general>:   Bits Per Sample : 32
2024-02-09 14:25:16.587 T:568     debug <general>:   Valid Bits/Samp : 32
2024-02-09 14:25:16.587 T:568     debug <general>:   Channel Count   : 2
2024-02-09 14:25:16.587 T:568     debug <general>:   Block Align     : 8
2024-02-09 14:25:16.587 T:568     debug <general>:   Avg. Bytes Sec  : 384000
2024-02-09 14:25:16.587 T:568     debug <general>:   Samples/Block   : 32
2024-02-09 14:25:16.587 T:568     debug <general>:   Format cBSize   : 22
2024-02-09 14:25:16.587 T:568     debug <general>:   Channel Layout  : FL, FR
2024-02-09 14:25:16.587 T:568     debug <general>:   Channel Mask    : 3
2024-02-09 14:25:16.587 T:568     debug <general>:   Frames          : 720
2024-02-09 14:25:16.587 T:568     debug <general>:   Frame Size      : 8
2024-02-09 14:25:16.587 T:568     debug <general>: CActiveAESink::OpenSink - DIRECTSOUND Initialized:
2024-02-09 14:25:16.587 T:568     debug <general>:   Output Device : default
2024-02-09 14:25:16.587 T:568     debug <general>:   Sample Rate   : 48000
2024-02-09 14:25:16.587 T:568     debug <general>:   Sample Format : AE_FMT_FLOAT
2024-02-09 14:25:16.587 T:568     debug <general>:   Channel Count : 2
2024-02-09 14:25:16.587 T:568     debug <general>:   Channel Layout: FL, FR
2024-02-09 14:25:16.587 T:568     debug <general>:   Frames        : 720
2024-02-09 14:25:16.587 T:568     debug <general>:   Frame Size    : 8
2024-02-09 14:25:16.587 T:956     debug <general>: CActiveAE::ClearDiscardedBuffers - buffer pool deleted
2024-02-09 14:25:16.595 T:5728     info <general>: Skipped 1 duplicate messages..
2024-02-09 14:25:16.595 T:5728    error <general>: ffmpeg[0x19f9ec37ce0]: [ac3] invalid bitstream id
2024-02-09 14:25:16.610 T:8304    debug <general>: AddOnLog: inputstream.adaptive: Download finished: https://livetv.com/dash/tvid-video=6000000-1024491063168.dash (downloaded 1429366 byte, speed 3054200.00 byte/s)
2024-02-09 14:25:16.610 T:8304    debug <general>: CurlFile::XFILE::CCurlFile::Open - <https://livetv.com/dash/tvid-video=6000000-1024491064320.dash>
2024-02-09 14:25:16.611 T:952     debug <general>: AddOnLog: inputstream.adaptive: [Repr. chooser] Current average bandwidth: 30452858 bit/s (filtered to 27407572 bit/s)
2024-02-09 14:25:16.647 T:568     debug <general>: CAESinkDirectSound::CheckPlayStatus: Resuming Playback
2024-02-09 14:25:16.669 T:5728    error <general>: ffmpeg[0x19f9ec37ce0]: [ac3] invalid bitstream id
2024-02-09 14:25:16.732 T:5728    error <general>: ffmpeg[0x19f9ec37ce0]: [ac3] invalid sample rate
2024-02-09 14:25:16.746 T:5728    error <general>: ffmpeg[0x19f9ec37ce0]: [ac3] invalid bitstream id
2024-02-09 14:25:16.747 T:8304    debug <general>: AddOnLog: inputstream.adaptive: Download finished: https://livetv.com/dash/tvid-video=6000000-1024491064320.dash (downloaded 1446877 byte, speed 10561145.00 byte/s)
2024-02-09 14:25:16.748 T:8304    debug <general>: CurlFile::XFILE::CCurlFile::Open - <https://livetv.com/dash/tvid-video=6000000-1024491065472.dash>
2024-02-09 14:25:16.749 T:3800    debug <general>: AddOnLog: inputstream.adaptive: [Repr. chooser] Current average bandwidth: 48464958 bit/s (filtered to 43618462 bit/s)
2024-02-09 14:25:17.399 T:3800    debug <general>: CurlFile::XFILE::CCurlFile::Open - <https://livetv.com/tvid.mpd?token=tokenid>
2024-02-09 14:25:17.521 T:8304    debug <general>: AddOnLog: inputstream.adaptive: Download finished: https://livetv.com/dash/tvid-video=6000000-1024491065472.dash (downloaded 1433399 byte, speed 1854332.00 byte/s)
2024-02-09 14:25:17.522 T:8304    debug <general>: CurlFile::XFILE::CCurlFile::Open - <https://livetv.com/dash/tvid-video=6000000-1024491066624.dash>
2024-02-09 14:25:17.644 T:904     debug <general>: [WS-Discovery]: The initial servers search has completed successfully with 2 server(s) found:
                                                   192.168.2.97
                                                   192.168.2.107
2024-02-09 14:25:17.771 T:3800    debug <general>: AddOnLog: inputstream.adaptive: Download finished: https://livetv.com/tvid.mpd?token=tokenid (downloaded 15744 byte, speed 1409357.01 byte/s)
2024-02-09 14:25:17.775 T:3800    debug <general>: AddOnLog: inputstream.adaptive: adaptive::DASHTree::RefreshLiveSegments: Full update without start number (repr. id: audio=384000 current start: 1)
2024-02-09 14:25:17.775 T:3800    debug <general>: AddOnLog: inputstream.adaptive: adaptive::DASHTree::RefreshLiveSegments: Full update without start number (repr. id: audio=128000 current start: 1)
2024-02-09 14:25:17.775 T:3800    debug <general>: AddOnLog: inputstream.adaptive: adaptive::DASHTree::RefreshLiveSegments: Full update without start number (repr. id: textstream=0 current start: 1)
2024-02-09 14:25:17.775 T:3800    debug <general>: AddOnLog: inputstream.adaptive: adaptive::DASHTree::RefreshLiveSegments: Full update without start number (repr. id: video=384000 current start: 1)
2024-02-09 14:25:17.775 T:3800    debug <general>: AddOnLog: inputstream.adaptive: adaptive::DASHTree::RefreshLiveSegments: Full update without start number (repr. id: video=1600000 current start: 1)
2024-02-09 14:25:17.775 T:3800    debug <general>: AddOnLog: inputstream.adaptive: adaptive::DASHTree::RefreshLiveSegments: Full update without start number (repr. id: video=2500000 current start: 1)
2024-02-09 14:25:17.775 T:3800    debug <general>: AddOnLog: inputstream.adaptive: adaptive::DASHTree::RefreshLiveSegments: Full update without start number (repr. id: video=4000000 current start: 1)
2024-02-09 14:25:17.775 T:3800    debug <general>: AddOnLog: inputstream.adaptive: adaptive::DASHTree::RefreshLiveSegments: Full update without start number (repr. id: video=6000000 current start: 1)
2024-02-09 14:25:17.775 T:3800    debug <general>: AddOnLog: inputstream.adaptive: adaptive::DASHTree::RefreshLiveSegments: Full update without start number (repr. id: video=384000(mode=trik) current start: 1)
2024-02-09 14:25:17.775 T:3800    debug <general>: AddOnLog: inputstream.adaptive: adaptive::DASHTree::RefreshLiveSegments: Full update without start number (repr. id: video=1600000(mode=trik) current start: 1)
2024-02-09 14:25:17.775 T:3800    debug <general>: AddOnLog: inputstream.adaptive: adaptive::DASHTree::RefreshLiveSegments: Full update without start number (repr. id: video=2500000(mode=trik) current start: 1)
2024-02-09 14:25:17.775 T:3800    debug <general>: AddOnLog: inputstream.adaptive: adaptive::DASHTree::RefreshLiveSegments: Full update without start number (repr. id: video=4000000(mode=trik) current start: 1)
2024-02-09 14:25:17.775 T:3800    debug <general>: AddOnLog: inputstream.adaptive: adaptive::DASHTree::RefreshLiveSegments: Full update without start number (repr. id: video=6000000(mode=trik) current start: 1)
2024-02-09 14:25:17.778 T:5424    debug <general>: CurlFile::XFILE::CCurlFile::Open - <https://livetv.com/dash/tvid-audio=384000-81959285790894.dash>
2024-02-09 14:25:17.784 T:9524    debug <general>: CurlFile::XFILE::CCurlFile::Open - <https://livetv.com/dash/tvid-textstream=0-85374256032.dash>
2024-02-09 14:25:17.799 T:5728    error <general>: ffmpeg[0x19f9ec37ce0]: [ac3] invalid sample rate
2024-02-09 14:25:17.816 T:3800    debug <general>: AddOnLog: inputstream.adaptive: [Repr. chooser] Current average bandwidth: 34300877 bit/s (filtered to 30870789 bit/s)
2024-02-09 14:25:17.820 T:5424    debug <general>: AddOnLog: inputstream.adaptive: Download finished: https://livetv.com/dash/tvid-audio=384000-81959285790894.dash (downloaded 92420 byte, speed 2200476.00 byte/s)
2024-02-09 14:25:17.821 T:5424    debug <general>: CurlFile::XFILE::CCurlFile::Open - <https://livetv.com/dash/tvid-audio=384000-81959285883054.dash>
2024-02-09 14:25:17.821 T:9524    debug <general>: AddOnLog: inputstream.adaptive: Download finished: https://livetv.com/dash/tvid-textstream=0-85374256032.dash (downloaded 1432 byte, speed 38702.00 byte/s)
2024-02-09 14:25:17.821 T:9524    debug <general>: CurlFile::XFILE::CCurlFile::Open - <https://livetv.com/dash/tvid-textstream=0-85374256128.dash>
2024-02-09 14:25:17.823 T:2192    debug <general>: CDVDDemuxClient::ParsePacket - (1001) samplerate changed from 48000 to 32000
2024-02-09 14:25:17.823 T:2192     info <general>: Opening stream: 1004 source: 256
2024-02-09 14:25:17.823 T:2192    debug <general>: AddOnLog: inputstream.adaptive: OpenStream(1004)
2024-02-09 14:25:17.823 T:2192    debug <general>: AddOnLog: inputstream.adaptive: GetStream(1004)
2024-02-09 14:25:17.824 T:2192     info <general>: Opening stream: 1001 source: 256
2024-02-09 14:25:17.824 T:2192    debug <general>: AddOnLog: inputstream.adaptive: OpenStream(1001)
2024-02-09 14:25:17.824 T:2192    debug <general>: AddOnLog: inputstream.adaptive: GetStream(1001)
2024-02-09 14:25:17.824 T:2192     info <general>: Finding audio codec for: 86019
2024-02-09 14:25:17.824 T:2192     info <general>: CDVDAudioCodecFFmpeg::Open() Successful opened audio decoder ac3
2024-02-09 14:25:17.824 T:2192     info <general>: Opening stream: 1003 source: 256
2024-02-09 14:25:17.824 T:2192    debug <general>: AddOnLog: inputstream.adaptive: OpenStream(1003)
2024-02-09 14:25:17.824 T:2192    debug <general>: AddOnLog: inputstream.adaptive: GetStream(1003)
2024-02-09 14:25:17.824 T:5728    debug <general>: CVideoPlayerAudio - CDVDMsg::GENERAL_PAUSE: false
2024-02-09 14:25:17.824 T:5728    debug <general>: CDVDAudio::Pause - pausing audio stream
2024-02-09 14:25:17.824 T:2192    debug <general>: AddOnLog: inputstream.adaptive: EnableStream(1002: false)
2024-02-09 14:25:17.824 T:2192    debug <general>: AddOnLog: inputstream.adaptive: EnableStream(1005: false)
2024-02-09 14:25:17.824 T:2192    debug <general>: CVideoPlayer::HandleMessages - player 2 reported state: 1
2024-02-09 14:25:17.824 T:2192    debug <general>: CVideoPlayer::HandleMessages - player 1 reported state: 0
2024-02-09 14:25:17.824 T:5728    debug <general>: ffmpeg[0x19f9ec37ce0]: [ac3] Multiple frames in a packet.
2024-02-09 14:25:17.824 T:5728    error <general>: ffmpeg[0x19f9ec37ce0]: [ac3] invalid coupling range (15 >= 13)
2024-02-09 14:25:17.824 T:5728    error <general>: ffmpeg[0x19f9ec37ce0]: [ac3] error decoding the audio block
2024-02-09 14:25:17.827 T:2192    debug <general>: CDVDDemuxClient::ParsePacket - (1001) samplerate changed from 32000 to 48000
2024-02-09 14:25:17.827 T:2192     info <general>: Opening stream: 1004 source: 256
2024-02-09 14:25:17.827 T:2192    debug <general>: AddOnLog: inputstream.adaptive: OpenStream(1004)
2024-02-09 14:25:17.827 T:2192    debug <general>: AddOnLog: inputstream.adaptive: GetStream(1004)
2024-02-09 14:25:17.827 T:2192     info <general>: Opening stream: 1001 source: 256
2024-02-09 14:25:17.827 T:2192    debug <general>: AddOnLog: inputstream.adaptive: OpenStream(1001)
2024-02-09 14:25:17.827 T:2192    debug <general>: AddOnLog: inputstream.adaptive: GetStream(1001)
2024-02-09 14:25:17.827 T:2192     info <general>: Finding audio codec for: 86019
2024-02-09 14:25:17.827 T:2192     info <general>: CDVDAudioCodecFFmpeg::Open() Successful opened audio decoder ac3
2024-02-09 14:25:17.827 T:2192     info <general>: Opening stream: 1003 source: 256
2024-02-09 14:25:17.827 T:2192    debug <general>: AddOnLog: inputstream.adaptive: OpenStream(1003)
2024-02-09 14:25:17.827 T:2192    debug <general>: AddOnLog: inputstream.adaptive: GetStream(1003)
2024-02-09 14:25:17.827 T:5728    debug <general>: CVideoPlayerAudio - CDVDMsg::GENERAL_PAUSE: false
2024-02-09 14:25:17.827 T:5728    debug <general>: CDVDAudio::Pause - pausing audio stream
2024-02-09 14:25:17.827 T:2192    debug <general>: AddOnLog: inputstream.adaptive: EnableStream(1002: false)
2024-02-09 14:25:17.827 T:2192    debug <general>: AddOnLog: inputstream.adaptive: EnableStream(1005: false)
2024-02-09 14:25:17.828 T:2192    debug <general>: CVideoPlayer::HandleMessages - player 2 reported state: 1
2024-02-09 14:25:17.828 T:2192    debug <general>: CVideoPlayer::HandleMessages - player 1 reported state: 0
2024-02-09 14:25:17.828 T:5728    debug <general>: ffmpeg[0x19f9ec37ce0]: [ac3] Multiple frames in a packet.
2024-02-09 14:25:17.828 T:5728    debug <general>: ffmpeg[0x19f9ec37ce0]: [ac3] Additional substreams is not implemented. Update your FFmpeg version to the newest one from Git. If the problem still occurs, it means that your file has a feature which has not been implemented.
2024-02-09 14:25:17.828 T:5728    debug <general>: ffmpeg[0x19f9ec37ce0]: [ac3] If you want to help, upload a sample of this file to https://streams.videolan.org/upload/ and contact the ffmpeg-devel mailing list. (ffmpeg-devel@ffmpeg.org)
2024-02-09 14:25:17.837 T:576     debug <general>: CApplicationPlayerCallback::OnAVChange: CApplication::OnAVChange
2024-02-09 14:25:17.843 T:5728    error <general>: ffmpeg[0x19f9ec37ce0]: [ac3] invalid bitstream id
2024-02-09 14:25:17.846 T:956     debug <general>: CActiveAE::DiscardStream - audio stream deleted
2024-02-09 14:25:17.846 T:956     debug <general>: CActiveAE::ClearDiscardedBuffers - buffer pool deleted
2024-02-09 14:25:17.846 T:5728     info <general>: Skipped 2 duplicate messages..
2024-02-09 14:25:17.846 T:5728     info <general>: Creating audio stream (codec id: 86019, channels: 6, sample rate: 48000, no pass-through)
2024-02-09 14:25:17.846 T:956     debug <general>: CActiveAE::ClearDiscardedBuffers - buffer pool deleted
2024-02-09 14:25:17.846 T:5728    debug <general>: CVideoPlayerAudio:: synctype set to 1: resample
2024-02-09 14:25:17.846 T:576     debug <general>: CApplicationPlayerCallback::OnAVChange: CApplication::OnAVChange
2024-02-09 14:25:17.850 T:5424    debug <general>: AddOnLog: inputstream.adaptive: Download finished: https://livetv.com/dash/tvid-audio=384000-81959285883054.dash (downloaded 92420 byte, speed 3186896.00 byte/s)
2024-02-09 14:25:17.855 T:5728    error <general>: ffmpeg[0x19f9ec37ce0]: [ac3] invalid sample rate
2024-02-09 14:25:17.856 T:9524    debug <general>: AddOnLog: inputstream.adaptive: Download finished: https://livetv.com/dash/tvid-textstream=0-85374256128.dash (downloaded 1198 byte, speed 35235.00 byte/s)
2024-02-09 14:25:17.880 T:8304    debug <general>: AddOnLog: inputstream.adaptive: Download finished: https://livetv.com/dash/tvid-video=6000000-1024491066624.dash (downloaded 1422772 byte, speed 3974223.00 byte/s)
2024-02-09 14:25:17.881 T:8304    debug <general>: CurlFile::XFILE::CCurlFile::Open - <https://livetv.com/dash/tvid-video=6000000-1024491067776.dash>
2024-02-09 14:25:17.883 T:952     debug <general>: AddOnLog: inputstream.adaptive: [Repr. chooser] Current average bandwidth: 33883028 bit/s (filtered to 30494725 bit/s)
2024-02-09 14:25:17.935 T:5728    error <general>: ffmpeg[0x19f9ec37ce0]: [ac3] invalid bitstream id
2024-02-09 14:25:17.940 T:2192    debug <general>: VideoPlayer::Sync - Video - pts: 1707485105280000.000000, cache: 50000.000000, totalcache: 100000.000000
2024-02-09 14:25:17.940 T:2192    debug <general>: CVideoPlayer::SetCaching - caching state 0
2024-02-09 14:25:17.940 T:2192    debug <general>: CDVDClock::SetSpeedAdjust - adjusted:0.000000
2024-02-09 14:25:17.940 T:5728    debug <general>: CVideoPlayerAudio - CDVDMsg::GENERAL_RESYNC(1707485105180000.000000), level: 0, cache: 248820.793384
2024-02-09 14:25:17.940 T:11168   debug <general>: CVideoPlayerVideo - CDVDMsg::GENERAL_RESYNC(1707485105180000.000000)
2024-02-09 14:25:17.940 T:11168   debug <general>: CVideoPlayerVideo::CalcDropRequirement - hurry: 0
2024-02-09 14:25:17.942 T:2192    debug <general>: CDVDClock::SetSpeedAdjust - adjusted:-0.050000
2024-02-09 14:25:17.942 T:7216    debug <general>: CApplicationPlayerCallback::OnAVStarted: CApplication::OnAVStarted
2024-02-09 14:25:17.944 T:11168   debug <general>: CVideoPlayerVideo::CalcDropRequirement - hurry: 1
2024-02-09 14:25:17.953 T:5728    debug <general>: CDVDAudio::Flush - flush audio stream
2024-02-09 14:25:17.953 T:5728    debug <general>: CDVDAudio::Resume - resume audio stream
2024-02-09 14:25:17.962 T:1836    debug <general>: ------ Window Deinit (DialogBusy.xml) ------
2024-02-09 14:25:18.012 T:8304    debug <general>: AddOnLog: inputstream.adaptive: Download finished: https://livetv.com/dash/tvid-video=6000000-1024491067776.dash (downloaded 1446541 byte, speed 11042297.00 byte/s)
2024-02-09 14:25:18.012 T:8304    debug <general>: CurlFile::XFILE::CCurlFile::Open - <https://livetv.com/dash/tvid-video=6000000-1024491068928.dash>
2024-02-09 14:25:18.096 T:11168    info <general>: CDVDVideoCodecFFmpeg::CDropControl: calculated diff time: 20000
2024-02-09 14:25:18.529 T:8304    debug <general>: AddOnLog: inputstream.adaptive: Download finished: https://livetv.com/dash/tvid-video=6000000-1024491068928.dash (downloaded 1362005 byte, speed 2639544.00 byte/s)
2024-02-09 14:25:18.530 T:8304    debug <general>: CurlFile::XFILE::CCurlFile::Open - <https://livetv.com/dash/tvid-video=6000000-1024491070080.dash>
2024-02-09 14:25:18.705 T:11168   debug <general>: CVideoPlayerVideo::CalcDropRequirement - hurry: 1
2024-02-09 14:25:18.824 T:8304    debug <general>: AddOnLog: inputstream.adaptive: Download finished: https://livetv.com/dash/tvid-video=6000000-1024491070080.dash (downloaded 1543721 byte, speed 5250751.00 byte/s)
2024-02-09 14:25:18.825 T:8304    debug <general>: CurlFile::XFILE::CCurlFile::Open - <https://livetv.com/dash/tvid-video=6000000-1024491071232.dash>
2024-02-09 14:25:19.537 T:3800    debug <general>: CurlFile::XFILE::CCurlFile::Open - <https://livetv.com/tvid.mpd?token=tokenid>
2024-02-09 14:25:19.544 T:3800    debug <general>: AddOnLog: inputstream.adaptive: Download finished: https://livetv.com/tvid.mpd?token=tokenid (downloaded 15744 byte, speed 87381333.33 byte/s)
2024-02-09 14:25:19.547 T:3800    debug <general>: AddOnLog: inputstream.adaptive: adaptive::DASHTree::RefreshLiveSegments: Full update without start number (repr. id: audio=384000 current start: 1)
2024-02-09 14:25:19.547 T:3800    debug <general>: AddOnLog: inputstream.adaptive: adaptive::DASHTree::RefreshLiveSegments: Full update without start number (repr. id: audio=128000 current start: 1)
2024-02-09 14:25:19.547 T:3800    debug <general>: AddOnLog: inputstream.adaptive: adaptive::DASHTree::RefreshLiveSegments: Full update without start number (repr. id: textstream=0 current start: 1)
2024-02-09 14:25:19.547 T:3800    debug <general>: AddOnLog: inputstream.adaptive: adaptive::DASHTree::RefreshLiveSegments: Full update without start number (repr. id: video=384000 current start: 1)
2024-02-09 14:25:19.547 T:3800    debug <general>: AddOnLog: inputstream.adaptive: adaptive::DASHTree::RefreshLiveSegments: Full update without start number (repr. id: video=1600000 current start: 1)
2024-02-09 14:25:19.547 T:3800    debug <general>: AddOnLog: inputstream.adaptive: adaptive::DASHTree::RefreshLiveSegments: Full update without start number (repr. id: video=2500000 current start: 1)
2024-02-09 14:25:19.547 T:3800    debug <general>: AddOnLog: inputstream.adaptive: adaptive::DASHTree::RefreshLiveSegments: Full update without start number (repr. id: video=4000000 current start: 1)
2024-02-09 14:25:19.547 T:3800    debug <general>: AddOnLog: inputstream.adaptive: adaptive::DASHTree::RefreshLiveSegments: Full update without start number (repr. id: video=6000000 current start: 1)
2024-02-09 14:25:19.547 T:3800    debug <general>: AddOnLog: inputstream.adaptive: adaptive::DASHTree::RefreshLiveSegments: Full update without start number (repr. id: video=384000(mode=trik) current start: 1)
2024-02-09 14:25:19.547 T:3800    debug <general>: AddOnLog: inputstream.adaptive: adaptive::DASHTree::RefreshLiveSegments: Full update without start number (repr. id: video=1600000(mode=trik) current start: 1)
2024-02-09 14:25:19.547 T:3800    debug <general>: AddOnLog: inputstream.adaptive: adaptive::DASHTree::RefreshLiveSegments: Full update without start number (repr. id: video=2500000(mode=trik) current start: 1)
2024-02-09 14:25:19.547 T:3800    debug <general>: AddOnLog: inputstream.adaptive: adaptive::DASHTree::RefreshLiveSegments: Full update without start number (repr. id: video=4000000(mode=trik) current start: 1)
2024-02-09 14:25:19.547 T:3800    debug <general>: AddOnLog: inputstream.adaptive: adaptive::DASHTree::RefreshLiveSegments: Full update without start number (repr. id: video=6000000(mode=trik) current start: 1)
2024-02-09 14:25:19.548 T:3800    debug <general>: AddOnLog: inputstream.adaptive: [Repr. chooser] Current average bandwidth: 105380957 bit/s (filtered to 94842861 bit/s)
2024-02-09 14:25:19.970 T:8304    debug <general>: AddOnLog: inputstream.adaptive: Download finished: https://livetv.com/dash/tvid-video=6000000-1024491071232.dash (downloaded 1406138 byte, speed 1228068.00 byte/s)
2024-02-09 14:25:19.970 T:8304    debug <general>: CurlFile::XFILE::CCurlFile::Open - <https://livetv.com/dash/tvid-video=6000000-1024491072384.dash>
2024-02-09 14:25:19.973 T:11168   debug <general>: CVideoPlayerVideo::CalcDropRequirement - hurry: 1
2024-02-09 14:25:20.148 T:11168    info <general>: Skipped 2 duplicate messages..
2024-02-09 14:25:20.148 T:11168   debug <general>: CVideoPlayerVideo::CalcDropRequirement - hurry: 0
2024-02-09 14:25:20.150 T:11168   debug <general>: CVideoPlayerVideo::CalcDropRequirement - hurry: 1
2024-02-09 14:25:20.344 T:8304     info <general>: Skipped 4 duplicate messages..
2024-02-09 14:25:20.344 T:8304    debug <general>: AddOnLog: inputstream.adaptive: Download finished: https://livetv.com/dash/tvid-video=6000000-1024491072384.dash (downloaded 1503483 byte, speed 4030785.00 byte/s)
2024-02-09 14:25:20.344 T:8304    debug <general>: CurlFile::XFILE::CCurlFile::Open - <https://livetv.com/dash/tvid-video=6000000-1024491073536.dash>
2024-02-09 14:25:20.394 T:11168   debug <general>: CPtsTracker: detected pattern of length 1: 20000.00, frameduration: 20000.000000
2024-02-09 14:25:20.465 T:8304    debug <general>: AddOnLog: inputstream.adaptive: Download finished: https://livetv.com/dash/tvid-video=6000000-1024491073536.dash (downloaded 1334481 byte, speed 11120675.00 byte/s)
2024-02-09 14:25:20.628 T:5728    error <general>: ffmpeg[0x19f9ec37ce0]: [ac3] invalid bitstream id
2024-02-09 14:25:20.628 T:956     debug <general>: ActiveAE - start sync of audio stream
2024-02-09 14:25:20.956 T:5728     info <general>: CVideoPlayerAudio::Process - stream stalled
2024-02-09 14:25:20.963 T:2192    debug <general>: Stream stalled, start buffering. Audio: 0 - Video: 100
2024-02-09 14:25:20.963 T:2192    debug <general>: CVideoPlayer::FlushBuffers - flushing buffers
2024-02-09 14:25:20.964 T:11168 warning <general>: CVideoPlayerVideo::OutputPicture - timeout waiting for buffer
2024-02-09 14:25:20.967 T:5728    debug <general>: CDVDAudio::Flush - flush audio stream
2024-02-09 14:25:20.967 T:5728    debug <general>: CDVDAudio::Pause - pausing audio stream
2024-02-09 14:25:20.968 T:11168   debug <general>: CVideoPlayerVideo - CDVDMsg::GENERAL_SYNCHRONIZE
2024-02-09 14:25:20.968 T:5728    debug <general>: CVideoPlayerAudio - CDVDMsg::GENERAL_SYNCHRONIZE
2024-02-09 14:25:20.968 T:2192    debug <general>: CVideoPlayer::SetCaching - caching state 2
2024-02-09 14:25:20.968 T:2192    debug <general>: CDVDClock::SetSpeedAdjust - adjusted:0.000000
2024-02-09 14:25:20.968 T:11168   debug <general>: CVideoPlayerVideo - Stillframe left, switching to normal playback
2024-02-09 14:25:20.980 T:5728    debug <general>: CDVDAudio::Pause - pausing audio stream
2024-02-09 14:25:20.985 T:11168   debug <general>: CVideoPlayerVideo::CalcDropRequirement - hurry: 0
2024-02-09 14:25:21.060 T:3800     info <general>: Skipped 19 duplicate messages..
2024-02-09 14:25:21.060 T:3800    debug <general>: AddOnLog: inputstream.adaptive: [Repr. chooser] Current average bandwidth: 103945092 bit/s (filtered to 93550582 bit/s)
2024-02-09 14:25:21.064 T:11168   debug <general>: CVideoPlayerVideo::CalcDropRequirement - hurry: 0
2024-02-09 14:25:21.134 T:2192     info <general>: Skipped 6 duplicate messages..
2024-02-09 14:25:21.134 T:2192    debug <general>: CVideoPlayer::HandleMessages - player started 2
2024-02-09 14:25:21.156 T:952     debug <general>: AddOnLog: inputstream.adaptive: [Repr. chooser] Current average bandwidth: 103945092 bit/s (filtered to 93550582 bit/s)
2024-02-09 14:25:21.164 T:5728    error <general>: ffmpeg[0x19f9ec37ce0]: [ac3] invalid bitstream id
2024-02-09 14:25:21.262 T:3800     info <general>: Skipped 1 duplicate messages..
2024-02-09 14:25:21.262 T:3800    debug <general>: AddOnLog: inputstream.adaptive: [Repr. chooser] Current average bandwidth: 103945092 bit/s (filtered to 93550582 bit/s)
2024-02-09 14:25:21.271 T:2192    debug <general>: CDVDDemuxClient::ParsePacket - (1001) samplerate changed from 48000 to 44100
2024-02-09 14:25:21.272 T:2192     info <general>: Opening stream: 1004 source: 256
2024-02-09 14:25:21.272 T:2192    debug <general>: AddOnLog: inputstream.adaptive: OpenStream(1004)
2024-02-09 14:25:21.272 T:2192    debug <general>: AddOnLog: inputstream.adaptive: GetStream(1004)
2024-02-09 14:25:21.272 T:2192     info <general>: Opening stream: 1001 source: 256
2024-02-09 14:25:21.272 T:2192    debug <general>: AddOnLog: inputstream.adaptive: OpenStream(1001)
2024-02-09 14:25:21.272 T:2192    debug <general>: AddOnLog: inputstream.adaptive: GetStream(1001)
2024-02-09 14:25:21.273 T:2192     info <general>: Finding audio codec for: 86019
2024-02-09 14:25:21.273 T:2192     info <general>: CDVDAudioCodecFFmpeg::Open() Successful opened audio decoder ac3
2024-02-09 14:25:21.273 T:5728    debug <general>: CVideoPlayerAudio - CDVDMsg::GENERAL_PAUSE: false
2024-02-09 14:25:21.273 T:5728    debug <general>: CDVDAudio::Pause - pausing audio stream
2024-02-09 14:25:21.273 T:2192     info <general>: Opening stream: 1003 source: 256
2024-02-09 14:25:21.273 T:2192    debug <general>: AddOnLog: inputstream.adaptive: OpenStream(1003)
2024-02-09 14:25:21.273 T:2192    debug <general>: AddOnLog: inputstream.adaptive: GetStream(1003)
2024-02-09 14:25:21.274 T:2192    debug <general>: AddOnLog: inputstream.adaptive: EnableStream(1002: false)
2024-02-09 14:25:21.274 T:2192    debug <general>: AddOnLog: inputstream.adaptive: EnableStream(1005: false)
2024-02-09 14:25:21.274 T:5728    debug <general>: ffmpeg[0x19f9ec37ce0]: [ac3] Multiple frames in a packet.
2024-02-09 14:25:21.274 T:5728    error <general>: ffmpeg[0x19f9ec37ce0]: [ac3] exponent -2 is out-of-range
2024-02-09 14:25:21.274 T:5728    error <general>: ffmpeg[0x19f9ec37ce0]: [ac3] error decoding the audio block
2024-02-09 14:25:21.274 T:2192    debug <general>: CVideoPlayer::HandleMessages - player 2 reported state: 1
2024-02-09 14:25:21.274 T:7216    debug <general>: CApplicationPlayerCallback::OnAVChange: CApplication::OnAVChange
2024-02-09 14:25:21.274 T:2192    debug <general>: CVideoPlayer::HandleMessages - player 1 reported state: 0
2024-02-09 14:25:21.301 T:3800    debug <general>: AddOnLog: inputstream.adaptive: [Repr. chooser] Current average bandwidth: 103945092 bit/s (filtered to 93550582 bit/s)
2024-02-09 14:25:21.301 T:952     debug <general>: AddOnLog: inputstream.adaptive: adaptive::AdaptiveStream::ensureSegment: Begin WaitForSegment stream textstream=0
2024-02-09 14:25:22.537 T:10272   debug <general>: CurlFile::XFILE::CCurlFile::Open - <https://livetv.com/tvid.mpd?token=tokenid>
2024-02-09 14:25:23.075 T:10272   debug <general>: AddOnLog: inputstream.adaptive: Download finished: https://livetv.com/tvid.mpd?token=tokenid (downloaded 15744 byte, speed 976313.24 byte/s)
2024-02-09 14:25:23.077 T:10272   debug <general>: AddOnLog: inputstream.adaptive: adaptive::DASHTree::RefreshLiveSegments: Full update without start number (repr. id: audio=384000 current start: 1)
2024-02-09 14:25:23.077 T:10272   debug <general>: AddOnLog: inputstream.adaptive: adaptive::DASHTree::RefreshLiveSegments: Full update without start number (repr. id: audio=128000 current start: 1)
2024-02-09 14:25:23.077 T:10272   debug <general>: AddOnLog: inputstream.adaptive: adaptive::DASHTree::RefreshLiveSegments: Full update without start number (repr. id: textstream=0 current start: 1)
2024-02-09 14:25:23.077 T:10272   debug <general>: AddOnLog: inputstream.adaptive: adaptive::DASHTree::RefreshLiveSegments: Full update without start number (repr. id: video=384000 current start: 1)
2024-02-09 14:25:23.077 T:10272   debug <general>: AddOnLog: inputstream.adaptive: adaptive::DASHTree::RefreshLiveSegments: Full update without start number (repr. id: video=1600000 current start: 1)
2024-02-09 14:25:23.077 T:10272   debug <general>: AddOnLog: inputstream.adaptive: adaptive::DASHTree::RefreshLiveSegments: Full update without start number (repr. id: video=2500000 current start: 1)
2024-02-09 14:25:23.077 T:10272   debug <general>: AddOnLog: inputstream.adaptive: adaptive::DASHTree::RefreshLiveSegments: Full update without start number (repr. id: video=4000000 current start: 1)
2024-02-09 14:25:23.077 T:10272   debug <general>: AddOnLog: inputstream.adaptive: adaptive::DASHTree::RefreshLiveSegments: Full update without start number (repr. id: video=6000000 current start: 1)
2024-02-09 14:25:23.077 T:10272   debug <general>: AddOnLog: inputstream.adaptive: adaptive::DASHTree::RefreshLiveSegments: Full update without start number (repr. id: video=384000(mode=trik) current start: 1)
2024-02-09 14:25:23.077 T:10272   debug <general>: AddOnLog: inputstream.adaptive: adaptive::DASHTree::RefreshLiveSegments: Full update without start number (repr. id: video=1600000(mode=trik) current start: 1)
2024-02-09 14:25:23.077 T:10272   debug <general>: AddOnLog: inputstream.adaptive: adaptive::DASHTree::RefreshLiveSegments: Full update without start number (repr. id: video=2500000(mode=trik) current start: 1)
2024-02-09 14:25:23.077 T:10272   debug <general>: AddOnLog: inputstream.adaptive: adaptive::DASHTree::RefreshLiveSegments: Full update without start number (repr. id: video=4000000(mode=trik) current start: 1)
2024-02-09 14:25:23.077 T:10272   debug <general>: AddOnLog: inputstream.adaptive: adaptive::DASHTree::RefreshLiveSegments: Full update without start number (repr. id: video=6000000(mode=trik) current start: 1)
2024-02-09 14:25:23.078 T:9524    debug <general>: CurlFile::XFILE::CCurlFile::Open - <https://livetv.com/dash/tvid-textstream=0-85374256224.dash>
2024-02-09 14:25:23.362 T:9524    debug <general>: AddOnLog: inputstream.adaptive: Download finished: https://livetv.com/dash/tvid-textstream=0-85374256224.dash (downloaded 1198 byte, speed 4218.00 byte/s)
2024-02-09 14:25:23.363 T:9524    debug <general>: CurlFile::XFILE::CCurlFile::Open - <https://livetv.com/dash/tvid-textstream=0-85374256320.dash>
2024-02-09 14:25:23.371 T:5728    error <general>: ffmpeg[0x19f9ec37ce0]: [ac3] incomplete frame
2024-02-09 14:25:23.371 T:956     debug <general>: CActiveAE::DiscardStream - audio stream deleted
2024-02-09 14:25:23.372 T:956     debug <general>: CActiveAE::ClearDiscardedBuffers - buffer pool deleted
2024-02-09 14:25:23.372 T:5728     info <general>: Skipped 2 duplicate messages..
2024-02-09 14:25:23.372 T:5728     info <general>: Creating audio stream (codec id: 86019, channels: 5, sample rate: 44100, no pass-through)
2024-02-09 14:25:23.373 T:5728    debug <general>: CVideoPlayerAudio:: synctype set to 1: resample
2024-02-09 14:25:23.388 T:9524    debug <general>: AddOnLog: inputstream.adaptive: Download finished: https://livetv.com/dash/tvid-textstream=0-85374256320.dash (downloaded 1198 byte, speed 47920.00 byte/s)
2024-02-09 14:25:23.400 T:568      info <general>: CActiveAESink::OpenSink - initialize sink
2024-02-09 14:25:23.400 T:568     debug <general>: CAESinkDirectSound::Deinitialize: Cleaning up
2024-02-09 14:25:23.418 T:568     debug <general>: CActiveAESink::OpenSink - trying to open device DIRECTSOUND:default
2024-02-09 14:25:23.426 T:568     debug <general>: CAESinkDirectSound::Initialize: Using Window handle: 0x3702d2
2024-02-09 14:25:23.430 T:568     debug <general>: CAESinkDirectSound::Initialize: secondary buffer created
2024-02-09 14:25:23.431 T:568     debug <general>: CAESinkDirectSound::Initialize: Initializing DirectSound with the following parameters:
2024-02-09 14:25:23.431 T:568     debug <general>:   Audio Device    : Speakers (High Definition Audio Device)
2024-02-09 14:25:23.431 T:568     debug <general>:   Sample Rate     : 44100
2024-02-09 14:25:23.431 T:568     debug <general>:   Sample Format   : AE_FMT_FLOAT
2024-02-09 14:25:23.431 T:568     debug <general>:   Bits Per Sample : 32
2024-02-09 14:25:23.431 T:568     debug <general>:   Valid Bits/Samp : 32
2024-02-09 14:25:23.431 T:568     debug <general>:   Channel Count   : 2
2024-02-09 14:25:23.431 T:568     debug <general>:   Block Align     : 8
2024-02-09 14:25:23.431 T:568     debug <general>:   Avg. Bytes Sec  : 352800
2024-02-09 14:25:23.431 T:568     debug <general>:   Samples/Block   : 32
2024-02-09 14:25:23.431 T:568     debug <general>:   Format cBSize   : 22
2024-02-09 14:25:23.431 T:568     debug <general>:   Channel Layout  : FL, FR
2024-02-09 14:25:23.431 T:568     debug <general>:   Channel Mask    : 3
2024-02-09 14:25:23.431 T:568     debug <general>:   Frames          : 661
2024-02-09 14:25:23.431 T:568     debug <general>:   Frame Size      : 8
2024-02-09 14:25:23.431 T:568     debug <general>: CActiveAESink::OpenSink - DIRECTSOUND Initialized:
2024-02-09 14:25:23.431 T:568     debug <general>:   Output Device : default
2024-02-09 14:25:23.431 T:568     debug <general>:   Sample Rate   : 44100
2024-02-09 14:25:23.431 T:568     debug <general>:   Sample Format : AE_FMT_FLOAT
2024-02-09 14:25:23.431 T:568     debug <general>:   Channel Count : 2
2024-02-09 14:25:23.431 T:568     debug <general>:   Channel Layout: FL, FR
2024-02-09 14:25:23.431 T:568     debug <general>:   Frames        : 661
2024-02-09 14:25:23.431 T:568     debug <general>:   Frame Size    : 8
2024-02-09 14:25:23.455 T:956     debug <general>: CActiveAE::ClearDiscardedBuffers - buffer pool deleted
2024-02-09 14:25:23.458 T:5728     info <general>: Skipped 1 duplicate messages..
2024-02-09 14:25:23.458 T:5728    error <general>: ffmpeg[0x19f9ec37ce0]: [ac3] invalid bitstream id
2024-02-09 14:25:23.480 T:568     debug <general>: CAESinkDirectSound::CheckPlayStatus: Resuming Playback
2024-02-09 14:25:23.488 T:5728    error <general>: ffmpeg[0x19f9ec37ce0]: [ac3] incomplete frame
2024-02-09 14:25:23.488 T:956     debug <general>: CActiveAE::DiscardStream - audio stream deleted
2024-02-09 14:25:23.488 T:956     debug <general>: CActiveAE::ClearDiscardedBuffers - buffer pool deleted
2024-02-09 14:25:23.489 T:5728     info <general>: Skipped 2 duplicate messages..
2024-02-09 14:25:23.489 T:5728     info <general>: Creating audio stream (codec id: 86019, channels: 3, sample rate: 44100, no pass-through)
2024-02-09 14:25:23.489 T:956     debug <general>: CActiveAE::ClearDiscardedBuffers - buffer pool deleted
2024-02-09 14:25:23.489 T:5728    debug <general>: CVideoPlayerAudio:: synctype set to 1: resample
2024-02-09 14:25:23.491 T:5424    debug <general>: CurlFile::XFILE::CCurlFile::Open - <https://livetv.com/dash/tvid-audio=384000-81959285975214.dash>
2024-02-09 14:25:23.505 T:8304    debug <general>: CurlFile::XFILE::CCurlFile::Open - <https://livetv.com/dash/tvid-video=6000000-1024491074688.dash>
2024-02-09 14:25:23.516 T:5424    debug <general>: AddOnLog: inputstream.adaptive: Download finished: https://livetv.com/dash/tvid-audio=384000-81959285975214.dash (downloaded 92420 byte, speed 3696800.00 byte/s)
2024-02-09 14:25:23.517 T:5424    debug <general>: CurlFile::XFILE::CCurlFile::Open - <https://livetv.com/dash/tvid-audio=384000-81959286067374.dash>
2024-02-09 14:25:23.538 T:5424    debug <general>: AddOnLog: inputstream.adaptive: Download finished: https://livetv.com/dash/tvid-audio=384000-81959286067374.dash (downloaded 92420 byte, speed 4621000.00 byte/s)
2024-02-09 14:25:23.581 T:2192    debug <general>: VideoPlayer::Sync - Video - pts: 1707485116800000.000000, cache: 50000.000000, totalcache: 100000.000000
2024-02-09 14:25:23.581 T:2192    debug <general>: CVideoPlayer::SetCaching - caching state 0
2024-02-09 14:25:23.581 T:2192    debug <general>: CDVDClock::SetSpeedAdjust - adjusted:0.000000
2024-02-09 14:25:23.581 T:11168   debug <general>: CVideoPlayerVideo - CDVDMsg::GENERAL_RESYNC(1707485116700000.000000)
2024-02-09 14:25:23.581 T:11168   debug <general>: CVideoPlayerVideo::CalcDropRequirement - hurry: 0
2024-02-09 14:25:23.581 T:5728    debug <general>: CVideoPlayerAudio - CDVDMsg::GENERAL_RESYNC(1707485116700000.000000), level: 0, cache: 180762.280491
2024-02-09 14:25:23.586 T:11168   debug <general>: CVideoPlayerVideo::CalcDropRequirement - hurry: 1
2024-02-09 14:25:23.593 T:2192    debug <general>: CDVDClock::SetSpeedAdjust - adjusted:-0.050000
2024-02-09 14:25:23.593 T:5728    debug <general>: CDVDAudio::Flush - flush audio stream
2024-02-09 14:25:23.593 T:5728    debug <general>: CDVDAudio::Resume - resume audio stream
2024-02-09 14:25:23.656 T:8304    debug <general>: AddOnLog: inputstream.adaptive: Download finished: https://livetv.com/dash/tvid-video=6000000-1024491074688.dash (downloaded 1476401 byte, speed 9777490.00 byte/s)
2024-02-09 14:25:23.656 T:8304    debug <general>: CurlFile::XFILE::CCurlFile::Open - <https://livetv.com/dash/tvid-video=6000000-1024491075840.dash>
2024-02-09 14:25:23.780 T:8304    debug <general>: AddOnLog: inputstream.adaptive: Download finished: https://livetv.com/dash/tvid-video=6000000-1024491075840.dash (downloaded 1508525 byte, speed 12264430.00 byte/s)
2024-02-09 14:25:23.885 T:5728    error <general>: ffmpeg[0x19f9ec37ce0]: [ac3] invalid sample rate
2024-02-09 14:25:23.885 T:956     debug <general>: ActiveAE - start sync of audio stream
2024-02-09 14:25:24.264 T:11168   debug <general>: CVideoPlayerVideo::CalcDropRequirement - hurry: 1
2024-02-09 14:25:24.721 T:5728     info <general>: Skipped 4 duplicate messages..
2024-02-09 14:25:24.721 T:5728    error <general>: ffmpeg[0x19f9ec37ce0]: [ac3] invalid sample rate
2024-02-09 14:25:24.721 T:956     debug <general>: ActiveAE::SyncStream - average error of -518.499023, start adjusting
2024-02-09 14:25:25.151 T:952     debug <general>: CurlFile::XFILE::CCurlFile::Open - <https://livetv.com/tvid.mpd?token=tokenid>
2024-02-09 14:25:25.157 T:952     debug <general>: AddOnLog: inputstream.adaptive: Download finished: https://livetv.com/tvid.mpd?token=tokenid (downloaded 15744 byte, speed 87381333.33 byte/s)
2024-02-09 14:25:25.159 T:952     debug <general>: AddOnLog: inputstream.adaptive: adaptive::DASHTree::RefreshLiveSegments: Full update without start number (repr. id: audio=384000 current start: 1)
