2024-02-09 14:24:12.797 T:8668    debug <general>: CApplicationPlayerCallback::OnAVChange: CApplication::OnAVChange
2024-02-09 14:24:12.797 T:240     debug <general>: CurlFile::XFILE::CCurlFile::Open - <https://livetv.com/dash/tvid-audio=384000-81959282012334.dash>
2024-02-09 14:24:12.806 T:10672   debug <general>: CurlFile::XFILE::CCurlFile::Open - <https://livetv.com/dash/tvid-textstream=0-85374252096.dash>
2024-02-09 14:24:12.807 T:10672   debug <general>: XCURL::DllLibCurlGlobal::easy_acquire - Created session to https://livetv.com
2024-02-09 14:24:12.809 T:240     debug <general>: AddOnLog: inputstream.adaptive: Download finished: https://livetv.com/dash/tvid-audio=384000-81959282012334.dash (downloaded 92953 byte, speed 8450272.00 byte/s)
2024-02-09 14:24:12.809 T:240     debug <general>: CurlFile::XFILE::CCurlFile::Open - <https://livetv.com/dash/tvid-audio=384000-81959282104494.dash>
2024-02-09 14:24:12.826 T:240     debug <general>: AddOnLog: inputstream.adaptive: Download finished: https://livetv.com/dash/tvid-audio=384000-81959282104494.dash (downloaded 92953 byte, speed 5809562.00 byte/s)
2024-02-09 14:24:12.826 T:240     debug <general>: CurlFile::XFILE::CCurlFile::Open - <https://livetv.com/dash/tvid-audio=384000-81959282196654.dash>
2024-02-09 14:24:12.839 T:240     debug <general>: AddOnLog: inputstream.adaptive: Download finished: https://livetv.com/dash/tvid-audio=384000-81959282196654.dash (downloaded 92953 byte, speed 7746083.00 byte/s)
2024-02-09 14:24:12.839 T:240     debug <general>: CurlFile::XFILE::CCurlFile::Open - <https://livetv.com/dash/tvid-audio=384000-81959282288814.dash>
2024-02-09 14:24:12.841 T:10672   debug <general>: AddOnLog: inputstream.adaptive: Download finished: https://livetv.com/dash/tvid-textstream=0-85374252096.dash (downloaded 1152 byte, speed 33882.00 byte/s)
2024-02-09 14:24:12.841 T:10672   debug <general>: CurlFile::XFILE::CCurlFile::Open - <https://livetv.com/dash/tvid-textstream=0-85374252192.dash>
2024-02-09 14:24:12.842 T:6436    debug <general>: CurlFile::XFILE::CCurlFile::Open - <https://livetv.com/dash/tvid-video=6000000-1024491025152.dash>
2024-02-09 14:24:12.842 T:6436    debug <general>: XCURL::DllLibCurlGlobal::easy_acquire - Created session to https://livetv.com
2024-02-09 14:24:12.846 T:10672   debug <general>: AddOnLog: inputstream.adaptive: Download finished: https://livetv.com/dash/tvid-textstream=0-85374252192.dash (downloaded 1378 byte, speed 344500.00 byte/s)
2024-02-09 14:24:12.846 T:10672   debug <general>: CurlFile::XFILE::CCurlFile::Open - <https://livetv.com/dash/tvid-textstream=0-85374252288.dash>
2024-02-09 14:24:12.850 T:10672   debug <general>: AddOnLog: inputstream.adaptive: Download finished: https://livetv.com/dash/tvid-textstream=0-85374252288.dash (downloaded 1411 byte, speed 470333.00 byte/s)
2024-02-09 14:24:12.850 T:10672   debug <general>: CurlFile::XFILE::CCurlFile::Open - <https://livetv.com/dash/tvid-textstream=0-85374252384.dash>
2024-02-09 14:24:12.853 T:240     debug <general>: AddOnLog: inputstream.adaptive: Download finished: https://livetv.com/dash/tvid-audio=384000-81959282288814.dash (downloaded 92953 byte, speed 7150230.00 byte/s)
2024-02-09 14:24:12.853 T:240     debug <general>: CurlFile::XFILE::CCurlFile::Open - <https://livetv.com/dash/tvid-audio=384000-81959282380974.dash>
2024-02-09 14:24:12.854 T:10672   debug <general>: AddOnLog: inputstream.adaptive: Download finished: https://livetv.com/dash/tvid-textstream=0-85374252384.dash (downloaded 1394 byte, speed 464666.00 byte/s)
2024-02-09 14:24:12.854 T:10672   debug <general>: CurlFile::XFILE::CCurlFile::Open - <https://livetv.com/dash/tvid-textstream=0-85374252480.dash>
2024-02-09 14:24:12.862 T:10672   debug <general>: AddOnLog: inputstream.adaptive: Download finished: https://livetv.com/dash/tvid-textstream=0-85374252480.dash (downloaded 1147 byte, speed 163857.00 byte/s)
2024-02-09 14:24:12.862 T:10672   debug <general>: CurlFile::XFILE::CCurlFile::Open - <https://livetv.com/dash/tvid-textstream=0-85374252576.dash>
2024-02-09 14:24:12.865 T:10672   debug <general>: AddOnLog: inputstream.adaptive: Download finished: https://livetv.com/dash/tvid-textstream=0-85374252576.dash (downloaded 1147 byte, speed 382333.00 byte/s)
2024-02-09 14:24:12.866 T:240     debug <general>: AddOnLog: inputstream.adaptive: Download finished: https://livetv.com/dash/tvid-audio=384000-81959282380974.dash (downloaded 92953 byte, speed 7746083.00 byte/s)
2024-02-09 14:24:12.866 T:10672   debug <general>: CurlFile::XFILE::CCurlFile::Open - <https://livetv.com/dash/tvid-textstream=0-85374252672.dash>
2024-02-09 14:24:12.866 T:240     debug <general>: CurlFile::XFILE::CCurlFile::Open - <https://livetv.com/dash/tvid-audio=384000-81959282473134.dash>
2024-02-09 14:24:12.885 T:10672   debug <general>: AddOnLog: inputstream.adaptive: Download finished: https://livetv.com/dash/tvid-textstream=0-85374252672.dash (downloaded 1387 byte, speed 73000.00 byte/s)
2024-02-09 14:24:12.885 T:10672   debug <general>: CurlFile::XFILE::CCurlFile::Open - <https://livetv.com/dash/tvid-textstream=0-85374252768.dash>
2024-02-09 14:24:12.888 T:240     debug <general>: AddOnLog: inputstream.adaptive: Download finished: https://livetv.com/dash/tvid-audio=384000-81959282473134.dash (downloaded 92953 byte, speed 4426333.00 byte/s)
2024-02-09 14:24:12.888 T:240     debug <general>: CurlFile::XFILE::CCurlFile::Open - <https://livetv.com/dash/tvid-audio=384000-81959282565294.dash>
2024-02-09 14:24:12.889 T:10672   debug <general>: AddOnLog: inputstream.adaptive: Download finished: https://livetv.com/dash/tvid-textstream=0-85374252768.dash (downloaded 1383 byte, speed 461000.00 byte/s)
2024-02-09 14:24:12.900 T:240     debug <general>: AddOnLog: inputstream.adaptive: Download finished: https://livetv.com/dash/tvid-audio=384000-81959282565294.dash (downloaded 92953 byte, speed 8450272.00 byte/s)
2024-02-09 14:24:12.900 T:240     debug <general>: CurlFile::XFILE::CCurlFile::Open - <https://livetv.com/dash/tvid-audio=384000-81959282657454.dash>
2024-02-09 14:24:12.907 T:7224    debug <general>: CVideoPlayerVideo - Stillframe left, switching to normal playback
2024-02-09 14:24:12.907 T:7224    debug <general>: CVideoPlayerVideo::CalcDropRequirement - hurry: 0
2024-02-09 14:24:12.907 T:7224    debug <general>: DXVA: open decoder.
2024-02-09 14:24:12.907 T:7224  warning <general>: DXVA::CContext::CreateContext: using app d3d11 device for decoding due extended NV12 shared textures it's not supported.
2024-02-09 14:24:12.912 T:240     debug <general>: AddOnLog: inputstream.adaptive: Download finished: https://livetv.com/dash/tvid-audio=384000-81959282657454.dash (downloaded 92953 byte, speed 8450272.00 byte/s)
2024-02-09 14:24:12.915 T:7224    debug <general>: DXVA: supports DFB0145A-37f2-4657-a3bb-c17fb63f879c
2024-02-09 14:24:12.915 T:7224    debug <general>: DXVA: unable to find an input/output format combination.
2024-02-09 14:24:12.915 T:7224    debug <general>: DXVA::CDecoder::~CDecoder: destructing decoder, 0x259efb76900.
2024-02-09 14:24:12.915 T:7224     info <general>: DXVA::CDecoder::Close: closing decoder.
2024-02-09 14:24:12.915 T:7224     info <general>: DXVA: closing decoder context.
2024-02-09 14:24:12.930 T:7224     info <general>: CDVDVideoCodecFFmpeg::Open() Using codec: H.264 / AVC / MPEG-4 AVC / MPEG-4 part 10
2024-02-09 14:24:12.930 T:7224    debug <general>: CDVDVideoCodecFFmpeg - open frame threaded with 3 threads
2024-02-09 14:24:12.931 T:7224    debug <general>: CDVDVideoCodecFFmpeg - Updated codec: ff-h264
2024-02-09 14:24:12.931 T:7224    debug <general>: CVideoPlayerVideo::CalcDropRequirement - hurry: 0
2024-02-09 14:24:12.931 T:5532    debug <general>: CVideoPlayerAudio: stream props changed, checking for passthrough
2024-02-09 14:24:12.931 T:5532     info <general>: CDVDAudioCodecFFmpeg::Open() Successful opened audio decoder ac3
2024-02-09 14:24:12.931 T:5532     info <general>: Creating audio stream (codec id: 86019, channels: 6, sample rate: 48000, no pass-through)
2024-02-09 14:24:12.934 T:5532    debug <general>: CVideoPlayerAudio:: synctype set to 1: resample
2024-02-09 14:24:12.948 T:7224    debug <general>: CVideoPlayerVideo::CalcDropRequirement - hurry: 0
2024-02-09 14:24:12.965 T:7224     info <general>: Skipped 2 duplicate messages..
2024-02-09 14:24:12.965 T:7224    debug <general>: CRenderManager::Configure - change configuration. 1920x1080. display: 1920x1080. framerate: 50.00.
2024-02-09 14:24:12.965 T:4464    debug <general>: CRenderManager::DeleteRenderer - deleting renderer
2024-02-09 14:24:12.965 T:4464    debug <general>: CWinRenderer::SelectRenderer: requested render method: 0
2024-02-09 14:24:12.965 T:4464    debug <general>: CWinRenderer::SelectRenderer: selected render method: Pixel Shaders
2024-02-09 14:24:12.965 T:4464    debug <general>: CWIN32Util::GetWindowsHDRStatus: Display is not HDR capable or cannot be detected
2024-02-09 14:24:12.965 T:4464    debug <general>: CRendererBase::CreateIntermediateTarget: intermediate target format 87.
2024-02-09 14:24:12.972 T:4464    debug <general>: CRenderManager::Configure - 6
2024-02-09 14:24:12.973 T:7504    debug <general>: CVideoPlayer::HandleMessages - player started 2
2024-02-09 14:24:12.973 T:4464    debug <general>: CWinShader::LoadEffect: loading shader special://xbmc/system/shaders/output_d3d.fx
2024-02-09 14:24:12.973 T:10088    info <general>: CActiveAESink::OpenSink - initialize sink
2024-02-09 14:24:12.973 T:10088   debug <general>: CAESinkDirectSound::Deinitialize: Cleaning up
2024-02-09 14:24:12.994 T:10088   debug <general>: CActiveAESink::OpenSink - trying to open device DIRECTSOUND:default
2024-02-09 14:24:13.000 T:10088   debug <general>: CAESinkDirectSound::Initialize: Using Window handle: 0x2603fe
2024-02-09 14:24:13.004 T:10088   debug <general>: CAESinkDirectSound::Initialize: secondary buffer created
2024-02-09 14:24:13.005 T:10088   debug <general>: CAESinkDirectSound::Initialize: Initializing DirectSound with the following parameters:
2024-02-09 14:24:13.005 T:10088   debug <general>:   Audio Device    : Speakers (High Definition Audio Device)
2024-02-09 14:24:13.005 T:10088   debug <general>:   Sample Rate     : 48000
2024-02-09 14:24:13.005 T:10088   debug <general>:   Sample Format   : AE_FMT_FLOAT
2024-02-09 14:24:13.005 T:10088   debug <general>:   Bits Per Sample : 32
2024-02-09 14:24:13.005 T:10088   debug <general>:   Valid Bits/Samp : 32
2024-02-09 14:24:13.005 T:10088   debug <general>:   Channel Count   : 2
2024-02-09 14:24:13.005 T:10088   debug <general>:   Block Align     : 8
2024-02-09 14:24:13.005 T:10088   debug <general>:   Avg. Bytes Sec  : 384000
2024-02-09 14:24:13.005 T:10088   debug <general>:   Samples/Block   : 32
2024-02-09 14:24:13.005 T:10088   debug <general>:   Format cBSize   : 22
2024-02-09 14:24:13.005 T:10088   debug <general>:   Channel Layout  : FL, FR
2024-02-09 14:24:13.005 T:10088   debug <general>:   Channel Mask    : 3
2024-02-09 14:24:13.005 T:10088   debug <general>:   Frames          : 720
2024-02-09 14:24:13.005 T:10088   debug <general>:   Frame Size      : 8
2024-02-09 14:24:13.005 T:10088   debug <general>: CActiveAESink::OpenSink - DIRECTSOUND Initialized:
2024-02-09 14:24:13.005 T:10088   debug <general>:   Output Device : default
2024-02-09 14:24:13.005 T:10088   debug <general>:   Sample Rate   : 48000
2024-02-09 14:24:13.005 T:10088   debug <general>:   Sample Format : AE_FMT_FLOAT
2024-02-09 14:24:13.005 T:10088   debug <general>:   Channel Count : 2
2024-02-09 14:24:13.005 T:10088   debug <general>:   Channel Layout: FL, FR
2024-02-09 14:24:13.005 T:10088   debug <general>:   Frames        : 720
2024-02-09 14:24:13.005 T:10088   debug <general>:   Frame Size    : 8
2024-02-09 14:24:13.024 T:2008    debug <general>: CActiveAE::ClearDiscardedBuffers - buffer pool deleted
2024-02-09 14:24:13.033 T:7504     info <general>: Skipped 1 duplicate messages..
2024-02-09 14:24:13.033 T:7504    debug <general>: CVideoPlayer::HandleMessages - player started 1
2024-02-09 14:24:13.033 T:7504    debug <general>: VideoPlayer::Sync - Audio - pts: 1707485042211625.000000, cache: 319999.933243, totalcache: 780000.030994
2024-02-09 14:24:13.033 T:7504    debug <general>: VideoPlayer::Sync - Video - pts: 1707485041939999.750000, cache: 50000.000000, totalcache: 100000.000000
2024-02-09 14:24:13.033 T:5532    debug <general>: CVideoPlayerAudio - CDVDMsg::GENERAL_RESYNC(1707485041031625.000000), level: 1, cache: 319999.933243
2024-02-09 14:24:13.033 T:5532    debug <general>: CDVDAudio::Resume - resume audio stream
2024-02-09 14:24:13.033 T:7504    debug <general>: CDVDClock::SetSpeedAdjust - adjusted:-0.050000
2024-02-09 14:24:13.033 T:7224    debug <general>: CVideoPlayerVideo - CDVDMsg::GENERAL_RESYNC(1707485041031625.000000)
2024-02-09 14:24:13.033 T:7224    debug <general>: CVideoPlayerVideo::CalcDropRequirement - hurry: 0
2024-02-09 14:24:13.034 T:2008    debug <general>: ActiveAE - start sync of audio stream
2024-02-09 14:24:13.040 T:7224    debug <general>: CVideoPlayerVideo::CalcDropRequirement - hurry: 1
2024-02-09 14:24:13.065 T:10088   debug <general>: CAESinkDirectSound::CheckPlayStatus: Resuming Playback
2024-02-09 14:24:13.129 T:6436    debug <general>: AddOnLog: inputstream.adaptive: Download finished: https://livetv.com/dash/tvid-video=6000000-1024491025152.dash (downloaded 1555503 byte, speed 5438821.00 byte/s)
2024-02-09 14:24:13.129 T:6436    debug <general>: CurlFile::XFILE::CCurlFile::Open - <https://livetv.com/dash/tvid-video=6000000-1024491026304.dash>
2024-02-09 14:24:13.135 T:7504    debug <general>: CDVDClock::SetSpeedAdjust - adjusted:0.000000
2024-02-09 14:24:13.136 T:11204   debug <general>: AddOnLog: inputstream.adaptive: [Repr. chooser] Current average bandwidth: 38399303 bit/s (filtered to 34559372 bit/s)
2024-02-09 14:24:13.150 T:4464    debug <general>: CWinShader::LoadEffect: loading shader special://xbmc/system/shaders/yuv2rgb_d3d.fx
2024-02-09 14:24:13.150 T:2008    debug <general>: ActiveAE::SyncStream - average error of 865.778905, start adjusting
2024-02-09 14:24:13.176 T:8668    debug <general>: CApplicationPlayerCallback::OnAVChange: CApplication::OnAVChange
2024-02-09 14:24:13.176 T:8668     info <general>: Skipped 1 duplicate messages..
2024-02-09 14:24:13.176 T:8668    debug <general>: CApplicationPlayerCallback::OnAVStarted: CApplication::OnAVStarted
2024-02-09 14:24:13.191 T:4464    debug <general>: ------ Window Deinit (DialogBusy.xml) ------
2024-02-09 14:24:13.304 T:6436    debug <general>: AddOnLog: inputstream.adaptive: Download finished: https://livetv.com/dash/tvid-video=6000000-1024491026304.dash (downloaded 1407889 byte, speed 8045080.00 byte/s)
2024-02-09 14:24:13.305 T:6436    debug <general>: CurlFile::XFILE::CCurlFile::Open - <https://livetv.com/dash/tvid-video=6000000-1024491027456.dash>
2024-02-09 14:24:13.306 T:1788    debug <general>: AddOnLog: inputstream.adaptive: [Repr. chooser] Current average bandwidth: 47053082 bit/s (filtered to 42347773 bit/s)
2024-02-09 14:24:13.535 T:6436    debug <general>: AddOnLog: inputstream.adaptive: Download finished: https://livetv.com/dash/tvid-video=6000000-1024491027456.dash (downloaded 1452817 byte, speed 6344179.00 byte/s)
2024-02-09 14:24:13.535 T:6436    debug <general>: CurlFile::XFILE::CCurlFile::Open - <https://livetv.com/dash/tvid-video=6000000-1024491028608.dash>
2024-02-09 14:24:13.537 T:1788    debug <general>: AddOnLog: inputstream.adaptive: [Repr. chooser] Current average bandwidth: 47978169 bit/s (filtered to 43180352 bit/s)
2024-02-09 14:24:13.637 T:7224  warning <general>: CVideoPlayerVideo::OutputPicture - timeout waiting for buffer
2024-02-09 14:24:13.721 T:6436    debug <general>: AddOnLog: inputstream.adaptive: Download finished: https://livetv.com/dash/tvid-video=6000000-1024491028608.dash (downloaded 1445523 byte, speed 7813637.00 byte/s)
2024-02-09 14:24:13.721 T:6436    debug <general>: CurlFile::XFILE::CCurlFile::Open - <https://livetv.com/dash/tvid-video=6000000-1024491029760.dash>
2024-02-09 14:24:13.726 T:1788    debug <general>: AddOnLog: inputstream.adaptive: [Repr. chooser] Current average bandwidth: 50884354 bit/s (filtered to 45795918 bit/s)
2024-02-09 14:24:13.823 T:6436    debug <general>: AddOnLog: inputstream.adaptive: Download finished: https://livetv.com/dash/tvid-video=6000000-1024491029760.dash (downloaded 1422964 byte, speed 14088752.00 byte/s)
2024-02-09 14:24:13.823 T:6436    debug <general>: CurlFile::XFILE::CCurlFile::Open - <https://livetv.com/dash/tvid-video=6000000-1024491030912.dash>
2024-02-09 14:24:13.929 T:6436    debug <general>: AddOnLog: inputstream.adaptive: Download finished: https://livetv.com/dash/tvid-video=6000000-1024491030912.dash (downloaded 1513065 byte, speed 14274198.00 byte/s)
2024-02-09 14:24:13.929 T:6436    debug <general>: CurlFile::XFILE::CCurlFile::Open - <https://livetv.com/dash/tvid-video=6000000-1024491032064.dash>
2024-02-09 14:24:13.982 T:7224     info <general>: CDVDVideoCodecFFmpeg::CDropControl: calculated diff time: 20000
2024-02-09 14:24:13.998 T:2008    debug <general>: ActiveAE::SyncStream - average error 26.933228, last average error: 865.778905
2024-02-09 14:24:14.073 T:6436    debug <general>: AddOnLog: inputstream.adaptive: Download finished: https://livetv.com/dash/tvid-video=6000000-1024491032064.dash (downloaded 1372445 byte, speed 9597517.00 byte/s)
2024-02-09 14:24:14.073 T:6436    debug <general>: CurlFile::XFILE::CCurlFile::Open - <https://livetv.com/dash/tvid-video=6000000-1024491033216.dash>
2024-02-09 14:24:14.102 T:2008    debug <general>: ActiveAE::SyncStream - average error of -43.296875, start adjusting
2024-02-09 14:24:14.102 T:2008    debug <general>: ActiveAE::SyncStream - average error -28.296875 below threshold of 30.000000
2024-02-09 14:24:14.199 T:6436    debug <general>: AddOnLog: inputstream.adaptive: Download finished: https://livetv.com/dash/tvid-video=6000000-1024491033216.dash (downloaded 1479620 byte, speed 11836960.00 byte/s)
2024-02-09 14:24:14.408 T:7852    debug <general>: CurlFile::XFILE::CCurlFile::Open - <https://livetv.com/tvid.mpd?token=tokenid>
2024-02-09 14:24:14.542 T:7852    debug <general>: AddOnLog: inputstream.adaptive: Download finished: https://livetv.com/tvid.mpd?token=tokenid (downloaded 16532 byte, speed 3941991.19 byte/s)
2024-02-09 14:24:14.544 T:7852    debug <general>: AddOnLog: inputstream.adaptive: adaptive::DASHTree::RefreshLiveSegments: Full update without start number (repr. id: audio=384000 current start: 1)
2024-02-09 14:24:14.544 T:7852    debug <general>: AddOnLog: inputstream.adaptive: adaptive::DASHTree::RefreshLiveSegments: Full update without start number (repr. id: audio=128000 current start: 1)
2024-02-09 14:24:14.544 T:7852    debug <general>: AddOnLog: inputstream.adaptive: adaptive::DASHTree::RefreshLiveSegments: Full update without start number (repr. id: textstream=0 current start: 1)
2024-02-09 14:24:14.544 T:7852    debug <general>: AddOnLog: inputstream.adaptive: adaptive::DASHTree::RefreshLiveSegments: Full update without start number (repr. id: video=384000 current start: 1)
2024-02-09 14:24:14.544 T:7852    debug <general>: AddOnLog: inputstream.adaptive: adaptive::DASHTree::RefreshLiveSegments: Full update without start number (repr. id: video=1600000 current start: 1)
2024-02-09 14:24:14.544 T:7852    debug <general>: AddOnLog: inputstream.adaptive: adaptive::DASHTree::RefreshLiveSegments: Full update without start number (repr. id: video=2500000 current start: 1)
2024-02-09 14:24:14.544 T:7852    debug <general>: AddOnLog: inputstream.adaptive: adaptive::DASHTree::RefreshLiveSegments: Full update without start number (repr. id: video=4000000 current start: 1)
2024-02-09 14:24:14.544 T:7852    debug <general>: AddOnLog: inputstream.adaptive: adaptive::DASHTree::RefreshLiveSegments: Full update without start number (repr. id: video=6000000 current start: 1)
2024-02-09 14:24:14.544 T:7852    debug <general>: AddOnLog: inputstream.adaptive: adaptive::DASHTree::RefreshLiveSegments: Full update without start number (repr. id: video=384000(mode=trik) current start: 1)
2024-02-09 14:24:14.544 T:7852    debug <general>: AddOnLog: inputstream.adaptive: adaptive::DASHTree::RefreshLiveSegments: Full update without start number (repr. id: video=1600000(mode=trik) current start: 1)
2024-02-09 14:24:14.544 T:7852    debug <general>: AddOnLog: inputstream.adaptive: adaptive::DASHTree::RefreshLiveSegments: Full update without start number (repr. id: video=2500000(mode=trik) current start: 1)
2024-02-09 14:24:14.544 T:7852    debug <general>: AddOnLog: inputstream.adaptive: adaptive::DASHTree::RefreshLiveSegments: Full update without start number (repr. id: video=4000000(mode=trik) current start: 1)
2024-02-09 14:24:14.544 T:7852    debug <general>: AddOnLog: inputstream.adaptive: adaptive::DASHTree::RefreshLiveSegments: Full update without start number (repr. id: video=6000000(mode=trik) current start: 1)
2024-02-09 14:24:15.322 T:11204   debug <general>: AddOnLog: inputstream.adaptive: [Repr. chooser] Current average bandwidth: 68433711 bit/s (filtered to 61590339 bit/s)
2024-02-09 14:24:15.322 T:240     debug <general>: CurlFile::XFILE::CCurlFile::Open - <https://livetv.com/dash/tvid-audio=384000-81959282749614.dash>
2024-02-09 14:24:15.323 T:6436    debug <general>: CurlFile::XFILE::CCurlFile::Open - <https://livetv.com/dash/tvid-video=6000000-1024491034368.dash>
2024-02-09 14:24:15.333 T:10672   debug <general>: CurlFile::XFILE::CCurlFile::Open - <https://livetv.com/dash/tvid-textstream=0-85374252864.dash>
2024-02-09 14:24:15.336 T:240     debug <general>: AddOnLog: inputstream.adaptive: Download finished: https://livetv.com/dash/tvid-audio=384000-81959282749614.dash (downloaded 92953 byte, speed 7150230.00 byte/s)
2024-02-09 14:24:15.338 T:10672   debug <general>: AddOnLog: inputstream.adaptive: Download finished: https://livetv.com/dash/tvid-textstream=0-85374252864.dash (downloaded 1362 byte, speed 272400.00 byte/s)
2024-02-09 14:24:15.435 T:6436    debug <general>: AddOnLog: inputstream.adaptive: Download finished: https://livetv.com/dash/tvid-video=6000000-1024491034368.dash (downloaded 1432710 byte, speed 12792053.00 byte/s)
2024-02-09 14:24:16.012 T:400     debug <general>: [WS-Discovery]: The initial servers search has completed successfully with 2 server(s) found:
                                                   192.168.2.97
                                                   192.168.2.107
2024-02-09 14:24:16.300 T:7224    debug <general>: CPtsTracker: detected pattern of length 1: 20000.00, frameduration: 20000.000000
2024-02-09 14:24:17.249 T:1788    debug <general>: CurlFile::XFILE::CCurlFile::Open - <https://livetv.com/tvid.mpd?token=tokenid>
2024-02-09 14:24:17.273 T:1788    debug <general>: AddOnLog: inputstream.adaptive: Download finished: https://livetv.com/tvid.mpd?token=tokenid (downloaded 16532 byte, speed 22795111.13 byte/s)
2024-02-09 14:24:17.275 T:1788    debug <general>: AddOnLog: inputstream.adaptive: adaptive::DASHTree::RefreshLiveSegments: Full update without start number (repr. id: audio=384000 current start: 1)
2024-02-09 14:24:17.275 T:1788    debug <general>: AddOnLog: inputstream.adaptive: adaptive::DASHTree::RefreshLiveSegments: Full update without start number (repr. id: audio=128000 current start: 1)
2024-02-09 14:24:17.275 T:1788    debug <general>: AddOnLog: inputstream.adaptive: adaptive::DASHTree::RefreshLiveSegments: Full update without start number (repr. id: textstream=0 current start: 1)
2024-02-09 14:24:17.275 T:1788    debug <general>: AddOnLog: inputstream.adaptive: adaptive::DASHTree::RefreshLiveSegments: Full update without start number (repr. id: video=384000 current start: 1)
2024-02-09 14:24:17.275 T:1788    debug <general>: AddOnLog: inputstream.adaptive: adaptive::DASHTree::RefreshLiveSegments: Full update without start number (repr. id: video=1600000 current start: 1)
2024-02-09 14:24:17.275 T:1788    debug <general>: AddOnLog: inputstream.adaptive: adaptive::DASHTree::RefreshLiveSegments: Full update without start number (repr. id: video=2500000 current start: 1)
2024-02-09 14:24:17.275 T:1788    debug <general>: AddOnLog: inputstream.adaptive: adaptive::DASHTree::RefreshLiveSegments: Full update without start number (repr. id: video=4000000 current start: 1)
2024-02-09 14:24:17.276 T:1788    debug <general>: AddOnLog: inputstream.adaptive: adaptive::DASHTree::RefreshLiveSegments: Full update without start number (repr. id: video=6000000 current start: 1)
2024-02-09 14:24:17.276 T:1788    debug <general>: AddOnLog: inputstream.adaptive: adaptive::DASHTree::RefreshLiveSegments: Full update without start number (repr. id: video=384000(mode=trik) current start: 1)
2024-02-09 14:24:17.276 T:1788    debug <general>: AddOnLog: inputstream.adaptive: adaptive::DASHTree::RefreshLiveSegments: Full update without start number (repr. id: video=1600000(mode=trik) current start: 1)
2024-02-09 14:24:17.276 T:1788    debug <general>: AddOnLog: inputstream.adaptive: adaptive::DASHTree::RefreshLiveSegments: Full update without start number (repr. id: video=2500000(mode=trik) current start: 1)
2024-02-09 14:24:17.276 T:1788    debug <general>: AddOnLog: inputstream.adaptive: adaptive::DASHTree::RefreshLiveSegments: Full update without start number (repr. id: video=4000000(mode=trik) current start: 1)
2024-02-09 14:24:17.276 T:1788    debug <general>: AddOnLog: inputstream.adaptive: adaptive::DASHTree::RefreshLiveSegments: Full update without start number (repr. id: video=6000000(mode=trik) current start: 1)
2024-02-09 14:24:17.281 T:1788    debug <general>: AddOnLog: inputstream.adaptive: [Repr. chooser] Current average bandwidth: 89223582 bit/s (filtered to 80301223 bit/s)
2024-02-09 14:24:19.005 T:7224    debug <general>: CVideoPlayerVideo::CalcDropRequirement - hurry: 1
2024-02-09 14:24:19.016 T:7224    debug <general>: CPtsTracker: pattern lost on diff 79999.750000, number of losses 1
2024-02-09 14:24:19.017 T:7224    debug <general>: CVideoPlayerVideo::CalcDropRequirement - dropped in decoder, lateframes: 1, Bufferlevel: 4, dropped: 1
2024-02-09 14:24:19.037 T:7224    debug <general>: CVideoPlayerVideo::CalcDropRequirement - hurry: 1
2024-02-09 14:24:19.210 T:11204    info <general>: Skipped 1 duplicate messages..
2024-02-09 14:24:19.210 T:11204   debug <general>: AddOnLog: inputstream.adaptive: [Repr. chooser] Current average bandwidth: 89223582 bit/s (filtered to 80301223 bit/s)
2024-02-09 14:24:20.241 T:7852    debug <general>: CurlFile::XFILE::CCurlFile::Open - <https://livetv.com/tvid.mpd?token=tokenid>
2024-02-09 14:24:20.332 T:7852    debug <general>: AddOnLog: inputstream.adaptive: Download finished: https://livetv.com/tvid.mpd?token=tokenid (downloaded 16532 byte, speed 5761396.14 byte/s)
2024-02-09 14:24:20.334 T:7852    debug <general>: AddOnLog: inputstream.adaptive: adaptive::DASHTree::RefreshLiveSegments: Full update without start number (repr. id: audio=384000 current start: 1)
2024-02-09 14:24:20.334 T:7852    debug <general>: AddOnLog: inputstream.adaptive: adaptive::DASHTree::RefreshLiveSegments: Full update without start number (repr. id: audio=128000 current start: 1)
2024-02-09 14:24:20.334 T:7852    debug <general>: AddOnLog: inputstream.adaptive: adaptive::DASHTree::RefreshLiveSegments: Full update without start number (repr. id: textstream=0 current start: 1)
2024-02-09 14:24:20.334 T:7852    debug <general>: AddOnLog: inputstream.adaptive: adaptive::DASHTree::RefreshLiveSegments: Full update without start number (repr. id: video=384000 current start: 1)
2024-02-09 14:24:20.334 T:7852    debug <general>: AddOnLog: inputstream.adaptive: adaptive::DASHTree::RefreshLiveSegments: Full update without start number (repr. id: video=1600000 current start: 1)
2024-02-09 14:24:20.334 T:7852    debug <general>: AddOnLog: inputstream.adaptive: adaptive::DASHTree::RefreshLiveSegments: Full update without start number (repr. id: video=2500000 current start: 1)
2024-02-09 14:24:20.334 T:7852    debug <general>: AddOnLog: inputstream.adaptive: adaptive::DASHTree::RefreshLiveSegments: Full update without start number (repr. id: video=4000000 current start: 1)
2024-02-09 14:24:20.334 T:7852    debug <general>: AddOnLog: inputstream.adaptive: adaptive::DASHTree::RefreshLiveSegments: Full update without start number (repr. id: video=6000000 current start: 1)
2024-02-09 14:24:20.334 T:7852    debug <general>: AddOnLog: inputstream.adaptive: adaptive::DASHTree::RefreshLiveSegments: Full update without start number (repr. id: video=384000(mode=trik) current start: 1)
2024-02-09 14:24:20.334 T:7852    debug <general>: AddOnLog: inputstream.adaptive: adaptive::DASHTree::RefreshLiveSegments: Full update without start number (repr. id: video=1600000(mode=trik) current start: 1)
2024-02-09 14:24:20.334 T:7852    debug <general>: AddOnLog: inputstream.adaptive: adaptive::DASHTree::RefreshLiveSegments: Full update without start number (repr. id: video=2500000(mode=trik) current start: 1)
2024-02-09 14:24:20.334 T:7852    debug <general>: AddOnLog: inputstream.adaptive: adaptive::DASHTree::RefreshLiveSegments: Full update without start number (repr. id: video=4000000(mode=trik) current start: 1)
2024-02-09 14:24:20.334 T:7852    debug <general>: AddOnLog: inputstream.adaptive: adaptive::DASHTree::RefreshLiveSegments: Full update without start number (repr. id: video=6000000(mode=trik) current start: 1)
2024-02-09 14:24:21.092 T:1788    debug <general>: AddOnLog: inputstream.adaptive: [Repr. chooser] Current average bandwidth: 87396635 bit/s (filtered to 78656971 bit/s)
2024-02-09 14:24:21.092 T:6436    debug <general>: CurlFile::XFILE::CCurlFile::Open - <https://livetv.com/dash/tvid-video=6000000-1024491035520.dash>
2024-02-09 14:24:21.114 T:240     debug <general>: CurlFile::XFILE::CCurlFile::Open - <https://livetv.com/dash/tvid-audio=384000-81959282841774.dash>
2024-02-09 14:24:21.128 T:240     debug <general>: AddOnLog: inputstream.adaptive: Download finished: https://livetv.com/dash/tvid-audio=384000-81959282841774.dash (downloaded 92953 byte, speed 7150230.00 byte/s)
2024-02-09 14:24:21.128 T:240     debug <general>: CurlFile::XFILE::CCurlFile::Open - <https://livetv.com/dash/tvid-audio=384000-81959282933934.dash>
2024-02-09 14:24:21.141 T:240     debug <general>: AddOnLog: inputstream.adaptive: Download finished: https://livetv.com/dash/tvid-audio=384000-81959282933934.dash (downloaded 92953 byte, speed 7746083.00 byte/s)
2024-02-09 14:24:21.141 T:240     debug <general>: CurlFile::XFILE::CCurlFile::Open - <https://livetv.com/dash/tvid-audio=384000-81959283026094.dash>
2024-02-09 14:24:21.153 T:240     debug <general>: AddOnLog: inputstream.adaptive: Download finished: https://livetv.com/dash/tvid-audio=384000-81959283026094.dash (downloaded 92953 byte, speed 8450272.00 byte/s)
2024-02-09 14:24:21.153 T:240     debug <general>: CurlFile::XFILE::CCurlFile::Open - <https://livetv.com/dash/tvid-audio=384000-81959283118254.dash>
2024-02-09 14:24:21.173 T:240     debug <general>: AddOnLog: inputstream.adaptive: Download finished: https://livetv.com/dash/tvid-audio=384000-81959283118254.dash (downloaded 92953 byte, speed 4647650.00 byte/s)
2024-02-09 14:24:21.192 T:6436    debug <general>: AddOnLog: inputstream.adaptive: Download finished: https://livetv.com/dash/tvid-video=6000000-1024491035520.dash (downloaded 1422119 byte, speed 14364838.00 byte/s)
2024-02-09 14:24:21.192 T:6436    debug <general>: CurlFile::XFILE::CCurlFile::Open - <https://livetv.com/dash/tvid-video=6000000-1024491036672.dash>
2024-02-09 14:24:21.301 T:6436    debug <general>: AddOnLog: inputstream.adaptive: Download finished: https://livetv.com/dash/tvid-video=6000000-1024491036672.dash (downloaded 1463045 byte, speed 13546712.00 byte/s)
2024-02-09 14:24:21.301 T:6436    debug <general>: CurlFile::XFILE::CCurlFile::Open - <https://livetv.com/dash/tvid-video=6000000-1024491037824.dash>
2024-02-09 14:24:21.343 T:7224    debug <general>: CPtsTracker: detected pattern of length 1: 20000.00, frameduration: 20000.000000
2024-02-09 14:24:21.405 T:6436    debug <general>: AddOnLog: inputstream.adaptive: Download finished: https://livetv.com/dash/tvid-video=6000000-1024491037824.dash (downloaded 1446308 byte, speed 13906807.00 byte/s)
2024-02-09 14:24:21.436 T:6436    debug <general>: CurlFile::XFILE::CCurlFile::Open - <https://livetv.com/dash/tvid-video=6000000-1024491038976.dash>
2024-02-09 14:24:21.572 T:6436    debug <general>: AddOnLog: inputstream.adaptive: Download finished: https://livetv.com/dash/tvid-video=6000000-1024491038976.dash (downloaded 1426099 byte, speed 10563696.00 byte/s)
2024-02-09 14:24:22.163 T:10672   debug <general>: CurlFile::XFILE::CCurlFile::Open - <https://livetv.com/dash/tvid-textstream=0-85374252960.dash>
2024-02-09 14:24:22.168 T:10672   debug <general>: AddOnLog: inputstream.adaptive: Download finished: https://livetv.com/dash/tvid-textstream=0-85374252960.dash (downloaded 1157 byte, speed 289250.00 byte/s)
2024-02-09 14:24:22.168 T:10672   debug <general>: CurlFile::XFILE::CCurlFile::Open - <https://livetv.com/dash/tvid-textstream=0-85374253056.dash>
2024-02-09 14:24:22.172 T:10672   debug <general>: AddOnLog: inputstream.adaptive: Download finished: https://livetv.com/dash/tvid-textstream=0-85374253056.dash (downloaded 1157 byte, speed 385666.00 byte/s)
2024-02-09 14:24:22.172 T:10672   debug <general>: CurlFile::XFILE::CCurlFile::Open - <https://livetv.com/dash/tvid-textstream=0-85374253152.dash>
2024-02-09 14:24:22.176 T:10672   debug <general>: AddOnLog: inputstream.adaptive: Download finished: https://livetv.com/dash/tvid-textstream=0-85374253152.dash (downloaded 1388 byte, speed 462666.00 byte/s)
2024-02-09 14:24:22.176 T:10672   debug <general>: CurlFile::XFILE::CCurlFile::Open - <https://livetv.com/dash/tvid-textstream=0-85374253248.dash>
2024-02-09 14:24:22.180 T:10672   debug <general>: AddOnLog: inputstream.adaptive: Download finished: https://livetv.com/dash/tvid-textstream=0-85374253248.dash (downloaded 1169 byte, speed 389666.00 byte/s)
2024-02-09 14:24:23.009 T:1788    debug <general>: CurlFile::XFILE::CCurlFile::Open - <https://livetv.com/tvid.mpd?token=tokenid>
2024-02-09 14:24:23.017 T:1788    debug <general>: AddOnLog: inputstream.adaptive: Download finished: https://livetv.com/tvid.mpd?token=tokenid (downloaded 16532 byte, speed 74898276.65 byte/s)
2024-02-09 14:24:23.019 T:1788    debug <general>: AddOnLog: inputstream.adaptive: adaptive::DASHTree::RefreshLiveSegments: Full update without start number (repr. id: audio=384000 current start: 1)
2024-02-09 14:24:23.019 T:1788    debug <general>: AddOnLog: inputstream.adaptive: adaptive::DASHTree::RefreshLiveSegments: Full update without start number (repr. id: audio=128000 current start: 1)
2024-02-09 14:24:23.019 T:1788    debug <general>: AddOnLog: inputstream.adaptive: adaptive::DASHTree::RefreshLiveSegments: Full update without start number (repr. id: textstream=0 current start: 1)
2024-02-09 14:24:23.019 T:1788    debug <general>: AddOnLog: inputstream.adaptive: adaptive::DASHTree::RefreshLiveSegments: Full update without start number (repr. id: video=384000 current start: 1)
2024-02-09 14:24:23.019 T:1788    debug <general>: AddOnLog: inputstream.adaptive: adaptive::DASHTree::RefreshLiveSegments: Full update without start number (repr. id: video=1600000 current start: 1)
2024-02-09 14:24:23.019 T:1788    debug <general>: AddOnLog: inputstream.adaptive: adaptive::DASHTree::RefreshLiveSegments: Full update without start number (repr. id: video=2500000 current start: 1)
2024-02-09 14:24:23.019 T:1788    debug <general>: AddOnLog: inputstream.adaptive: adaptive::DASHTree::RefreshLiveSegments: Full update without start number (repr. id: video=4000000 current start: 1)
2024-02-09 14:24:23.019 T:1788    debug <general>: AddOnLog: inputstream.adaptive: adaptive::DASHTree::RefreshLiveSegments: Full update without start number (repr. id: video=6000000 current start: 1)
2024-02-09 14:24:23.019 T:1788    debug <general>: AddOnLog: inputstream.adaptive: adaptive::DASHTree::RefreshLiveSegments: Full update without start number (repr. id: video=384000(mode=trik) current start: 1)
2024-02-09 14:24:23.019 T:1788    debug <general>: AddOnLog: inputstream.adaptive: adaptive::DASHTree::RefreshLiveSegments: Full update without start number (repr. id: video=1600000(mode=trik) current start: 1)
2024-02-09 14:24:23.019 T:1788    debug <general>: AddOnLog: inputstream.adaptive: adaptive::DASHTree::RefreshLiveSegments: Full update without start number (repr. id: video=2500000(mode=trik) current start: 1)
2024-02-09 14:24:23.019 T:1788    debug <general>: AddOnLog: inputstream.adaptive: adaptive::DASHTree::RefreshLiveSegments: Full update without start number (repr. id: video=4000000(mode=trik) current start: 1)
2024-02-09 14:24:23.019 T:1788    debug <general>: AddOnLog: inputstream.adaptive: adaptive::DASHTree::RefreshLiveSegments: Full update without start number (repr. id: video=6000000(mode=trik) current start: 1)
2024-02-09 14:24:23.020 T:1788    debug <general>: AddOnLog: inputstream.adaptive: [Repr. chooser] Current average bandwidth: 147526272 bit/s (filtered to 132773644 bit/s)
2024-02-09 14:24:25.034 T:4464     info <general>: Skipped 1 duplicate messages..
2024-02-09 14:24:25.034 T:4464     info <general>: CVideoPlayer::CloseFile()
2024-02-09 14:24:25.034 T:4464    debug <general>: CRenderManager::DeleteRenderer - deleting renderer
2024-02-09 14:24:25.034 T:7504     info <general>: CVideoPlayer::OnExit()
2024-02-09 14:24:25.034 T:4464     info <general>: VideoPlayer: waiting for threads to exit
2024-02-09 14:24:25.034 T:7504    debug <general>: CVideoPlayer: updating file item stream details with available streams
2024-02-09 14:24:25.034 T:7504     info <general>: Closing stream player 1
2024-02-09 14:24:25.034 T:7504    debug <general>: AddOnLog: inputstream.adaptive: EnableStream(1001: false)
2024-02-09 14:24:25.034 T:7504     info <general>: Waiting for audio thread to exit
2024-02-09 14:24:25.113 T:5532     info <general>: thread end: CVideoPlayerAudio::OnExit()
2024-02-09 14:24:25.113 T:5532    debug <general>: Thread VideoPlayerAudio 5532 terminating
2024-02-09 14:24:25.113 T:7504     info <general>: Closing audio device
2024-02-09 14:24:25.128 T:7504    debug <general>: CDVDAudio::Flush - flush audio stream
2024-02-09 14:24:25.128 T:2008    debug <general>: CActiveAE::DiscardStream - audio stream deleted
2024-02-09 14:24:25.128 T:2008    debug <general>: CActiveAE::ClearDiscardedBuffers - buffer pool deleted
2024-02-09 14:24:25.129 T:10088    info <general>: Skipped 2 duplicate messages..
2024-02-09 14:24:25.129 T:10088    info <general>: CActiveAESink::OpenSink - initialize sink
2024-02-09 14:24:25.129 T:10088   debug <general>: CAESinkDirectSound::Deinitialize: Cleaning up
2024-02-09 14:24:25.129 T:7504     info <general>: Deleting audio codec
2024-02-09 14:24:25.129 T:7504     info <general>: Closing stream player 2
2024-02-09 14:24:25.129 T:7504    debug <general>: AddOnLog: inputstream.adaptive: EnableStream(1004: false)
2024-02-09 14:24:25.129 T:7504     info <general>: waiting for video thread to exit
2024-02-09 14:24:25.138 T:10088   debug <general>: CActiveAESink::OpenSink - trying to open device DIRECTSOUND:default
2024-02-09 14:24:25.140 T:10088   debug <general>: CAESinkDirectSound::Initialize: Using Window handle: 0x2603fe
2024-02-09 14:24:25.141 T:10088   debug <general>: CAESinkDirectSound::Initialize: secondary buffer created
2024-02-09 14:24:25.142 T:10088   debug <general>: CAESinkDirectSound::Initialize: Initializing DirectSound with the following parameters:
2024-02-09 14:24:25.142 T:10088   debug <general>:   Audio Device    : Speakers (High Definition Audio Device)
2024-02-09 14:24:25.142 T:10088   debug <general>:   Sample Rate     : 44100
2024-02-09 14:24:25.142 T:10088   debug <general>:   Sample Format   : AE_FMT_FLOAT
2024-02-09 14:24:25.142 T:10088   debug <general>:   Bits Per Sample : 32
2024-02-09 14:24:25.142 T:10088   debug <general>:   Valid Bits/Samp : 32
2024-02-09 14:24:25.142 T:10088   debug <general>:   Channel Count   : 2
2024-02-09 14:24:25.142 T:10088   debug <general>:   Block Align     : 8
2024-02-09 14:24:25.142 T:10088   debug <general>:   Avg. Bytes Sec  : 352800
2024-02-09 14:24:25.142 T:10088   debug <general>:   Samples/Block   : 32
2024-02-09 14:24:25.142 T:10088   debug <general>:   Format cBSize   : 22
2024-02-09 14:24:25.142 T:10088   debug <general>:   Channel Layout  : FL, FR
2024-02-09 14:24:25.142 T:10088   debug <general>:   Channel Mask    : 3
2024-02-09 14:24:25.142 T:10088   debug <general>:   Frames          : 661
2024-02-09 14:24:25.142 T:10088   debug <general>:   Frame Size      : 8
2024-02-09 14:24:25.142 T:10088   debug <general>: CActiveAESink::OpenSink - DIRECTSOUND Initialized:
2024-02-09 14:24:25.142 T:10088   debug <general>:   Output Device : default
2024-02-09 14:24:25.142 T:10088   debug <general>:   Sample Rate   : 44100
2024-02-09 14:24:25.142 T:10088   debug <general>:   Sample Format : AE_FMT_FLOAT
2024-02-09 14:24:25.142 T:10088   debug <general>:   Channel Count : 2
2024-02-09 14:24:25.142 T:10088   debug <general>:   Channel Layout: FL, FR
2024-02-09 14:24:25.142 T:10088   debug <general>:   Frames        : 661
2024-02-09 14:24:25.142 T:10088   debug <general>:   Frame Size    : 8
2024-02-09 14:24:25.142 T:2008    debug <general>: CActiveAE::ClearDiscardedBuffers - buffer pool deleted
2024-02-09 14:24:25.173 T:10088    info <general>: Skipped 1 duplicate messages..
2024-02-09 14:24:25.173 T:10088   debug <general>: CAESinkDirectSound::CheckPlayStatus: Resuming Playback
2024-02-09 14:24:25.178 T:7224  warning <general>: CVideoPlayerVideo::OutputPicture - timeout waiting for buffer
2024-02-09 14:24:25.178 T:7224     info <general>: thread end: video_thread
2024-02-09 14:24:25.178 T:7224    debug <general>: Thread VideoPlayerVideo 7224 terminating
2024-02-09 14:24:25.179 T:7504     info <general>: deleting video codec
2024-02-09 14:24:25.182 T:7504     info <general>: Closing stream player 3
2024-02-09 14:24:25.182 T:7504    debug <general>: AddOnLog: inputstream.adaptive: EnableStream(1003: false)
2024-02-09 14:24:25.186 T:7504    debug <general>: AddOnLog: inputstream.adaptive: Close()
2024-02-09 14:24:25.186 T:7504    debug <general>: AddOnLog: inputstream.adaptive: CSession::~CSession()
2024-02-09 14:24:25.187 T:7504    debug <general>: AddOnLog: inputstream.adaptive: WV_CencSingleSampleDecrypter::CloseSessionId: Closing widevine session ID: 36DAC6086FB85BFF433E544FAFC7CC9B
2024-02-09 14:24:25.187 T:7504    debug <general>: AddOnLog: inputstream.adaptive: CDMMessage: 4 arrived!
2024-02-09 14:24:25.187 T:7504    debug <general>: AddOnLog: inputstream.adaptive: WV_CencSingleSampleDecrypter::CloseSessionId: Widevine session ID 36DAC6086FB85BFF433E544FAFC7CC9B closed
2024-02-09 14:24:25.194 T:7504    debug <general>: SECTION:UnloadDll(C:\Kodi\portable_data\addons\inputstream.adaptive\inputstream.adaptive.dll)
2024-02-09 14:24:25.194 T:7504     info <general>: ADDON: Dll Destroyed - InputStream Adaptive
2024-02-09 14:24:25.195 T:7504    debug <general>: Thread VideoPlayer 7504 terminating
2024-02-09 14:24:25.195 T:4464     info <general>: VideoPlayer: finished waiting
2024-02-09 14:24:25.195 T:4464     info <general>: CVideoPlayer::CloseFile()
2024-02-09 14:24:25.195 T:4464     info <general>: VideoPlayer: waiting for threads to exit
2024-02-09 14:24:25.195 T:4464     info <general>: VideoPlayer: finished waiting
2024-02-09 14:24:25.196 T:4464    debug <general>: Radio UECP (RDS) Processor - delete CDVDRadioRDSData::~CDVDRadioRDSData
2024-02-09 14:24:25.196 T:4464    debug <general>: Audio ID3 tag processor - delete CVideoPlayerAudioID3::~CVideoPlayerAudioID3
2024-02-09 14:24:25.888 T:1040    debug <general>: CSaveFileState::DoWork - Saving file state for video item https://livetv.com/tvid.mpd?token=tokenid
2024-02-09 14:24:25.889 T:1040    debug <general>: CSaveFileState::DoWork - Marking video item https://livetv.com/tvid.mpd?token=tokenid as watched
2024-02-09 14:24:25.901 T:1040    debug <general>: CApplicationPlayerCallback::OnPlayBackStopped: CApplication::OnPlayBackStopped
2024-02-09 14:24:25.906 T:4464    debug <general>: CDirectoryProvider[addons://]: refreshing..
2024-02-09 14:24:25.907 T:4464    debug <general>: CDirectoryProvider[addons://sources/video/]: refreshing..
2024-02-09 14:24:25.907 T:4464    debug <general>: CDirectoryProvider[addons://sources/audio/]: refreshing..
2024-02-09 14:24:25.907 T:4464    debug <general>: CDirectoryProvider[addons://sources/game/]: refreshing..
2024-02-09 14:24:25.907 T:4464    debug <general>: CDirectoryProvider[addons://sources/executable/]: refreshing..
2024-02-09 14:24:25.907 T:4464    debug <general>: CDirectoryProvider[addons://sources/image/]: refreshing..
2024-02-09 14:24:25.907 T:1040    debug <general>: CAddonDatabase: SELECT repo.id FROM repo .. took 0 ms
2024-02-09 14:24:25.911 T:1040    debug <general>: CAddonDatabase: query  SELECT addons.*, repo.addonID AS repoID FROM addons JOIN addonlinkrepo ON addons.id=addonlinkrepo.idAddon JOIN repo ON repo.id=addonlinkrepo.idRepo WHERE addonlinkrepo.idRepo IN (1) ORDER BY repo.addonID, addons.addonID returned 1002 rows in 4 ms
2024-02-09 14:24:25.954 T:1040    debug <general>: CAddonDatabase::GetAddons took 47 ms
2024-02-09 14:24:25.956 T:1040    debug <general>: ADDONS: repository.xbmc.org - 999 addon(s) loaded
2024-02-09 14:24:25.959 T:1040    debug <general>: CAddonRepos::BuildUpdateOrOutdatedList: Building update list from installed add-ons
2024-02-09 14:24:25.959 T:1040    debug <general>: ADDONS: update check: addonID = audioencoder.kodi.builtin.aac / Origin = b6a50484-93a0-4afb-a01c-8d17e059feda / Version = 1.0.2
2024-02-09 14:24:25.959 T:1040    debug <general>: ADDONS: update check: addonID = audioencoder.kodi.builtin.wma / Origin = b6a50484-93a0-4afb-a01c-8d17e059feda / Version = 1.0.2
2024-02-09 14:24:25.959 T:1040    debug <general>: ADDONS: update check: addonID = game.controller.default / Origin = b6a50484-93a0-4afb-a01c-8d17e059feda / Version = 1.0.41
2024-02-09 14:24:25.959 T:1040    debug <general>: ADDONS: update check: addonID = game.controller.keyboard / Origin = b6a50484-93a0-4afb-a01c-8d17e059feda / Version = 1.1.33
2024-02-09 14:24:25.959 T:1040    debug <general>: ADDONS: update check: addonID = game.controller.mouse / Origin = b6a50484-93a0-4afb-a01c-8d17e059feda / Version = 1.0.26
2024-02-09 14:24:25.959 T:1040    debug <general>: ADDONS: update check: addonID = game.controller.snes / Origin = b6a50484-93a0-4afb-a01c-8d17e059feda / Version = 1.0.39
2024-02-09 14:24:25.959 T:1040    debug <general>: ADDONS: update check: addonID = inputstream.adaptive / Origin = b6a50484-93a0-4afb-a01c-8d17e059feda / Version = 20.3.17
2024-02-09 14:24:25.959 T:1040    debug <general>: ADDONS: update check: addonID = metadata.album.universal / Origin = b6a50484-93a0-4afb-a01c-8d17e059feda / Version = 3.1.9
2024-02-09 14:24:25.959 T:1040    debug <general>: ADDONS: update check: addonID = metadata.artists.universal / Origin = b6a50484-93a0-4afb-a01c-8d17e059feda / Version = 4.3.11
2024-02-09 14:24:25.959 T:1040    debug <general>: ADDONS: update check: addonID = metadata.common.allmusic.com / Origin = b6a50484-93a0-4afb-a01c-8d17e059feda / Version = 3.2.2
2024-02-09 14:24:25.959 T:1040    debug <general>: ADDONS: update check: addonID = metadata.common.fanart.tv / Origin = b6a50484-93a0-4afb-a01c-8d17e059feda / Version = 3.6.4
2024-02-09 14:24:25.959 T:1040    debug <general>: ADDONS: update check: addonID = metadata.common.musicbrainz.org / Origin = b6a50484-93a0-4afb-a01c-8d17e059feda / Version = 2.2.4
2024-02-09 14:24:25.959 T:1040    debug <general>: ADDONS: update check: addonID = metadata.common.theaudiodb.com / Origin = b6a50484-93a0-4afb-a01c-8d17e059feda / Version = 2.0.3
2024-02-09 14:24:25.959 T:1040    debug <general>: ADDONS: update check: addonID = metadata.generic.albums / Origin = b6a50484-93a0-4afb-a01c-8d17e059feda / Version = 1.0.14
2024-02-09 14:24:25.959 T:1040    debug <general>: ADDONS: update check: addonID = metadata.generic.artists / Origin = b6a50484-93a0-4afb-a01c-8d17e059feda / Version = 1.0.14
2024-02-09 14:24:25.959 T:1040    debug <general>: ADDONS: update check: addonID = metadata.local / Origin = b6a50484-93a0-4afb-a01c-8d17e059feda / Version = 1.0.1
2024-02-09 14:24:25.959 T:1040    debug <general>: ADDONS: update check: addonID = metadata.themoviedb.org.python / Origin = b6a50484-93a0-4afb-a01c-8d17e059feda / Version = 2.2.0
2024-02-09 14:24:25.959 T:1040    debug <general>: ADDONS: update check: addonID = metadata.tvshows.themoviedb.org.python / Origin = b6a50484-93a0-4afb-a01c-8d17e059feda / Version = 1.6.5
2024-02-09 14:24:25.959 T:1040    debug <general>: ADDONS: update check: addonID = peripheral.joystick / Origin = b6a50484-93a0-4afb-a01c-8d17e059feda / Version = 20.1.14
2024-02-09 14:24:25.959 T:1040    debug <general>: ADDONS: update check: addonID = plugin.video.livetv / Origin =  / Version = 1.30.0
2024-02-09 14:24:25.959 T:1040    debug <general>: ADDONS: update check: addonID = repository.xbmc.org / Origin = b6a50484-93a0-4afb-a01c-8d17e059feda / Version = 3.3.1
2024-02-09 14:24:25.959 T:1040    debug <general>: ADDONS: update check: addonID = resource.images.weathericons.default / Origin = b6a50484-93a0-4afb-a01c-8d17e059feda / Version = 1.1.9
2024-02-09 14:24:25.959 T:1040    debug <general>: ADDONS: update check: addonID = resource.language.en_gb / Origin = b6a50484-93a0-4afb-a01c-8d17e059feda / Version = 2.0.2
2024-02-09 14:24:25.959 T:1040    debug <general>: ADDONS: update check: addonID = resource.uisounds.kodi / Origin = b6a50484-93a0-4afb-a01c-8d17e059feda / Version = 1.0.1
