2024-02-09 14:22:36.550 T:8368    debug <general>: AddOnLog: inputstream.adaptive: Download finished: https://livetv.com/dash/tvid-audio=384000-81959277680814.dash (downloaded 92420 byte, speed 1540333.00 byte/s)
2024-02-09 14:22:36.550 T:8368    debug <general>: CurlFile::XFILE::CCurlFile::Open - <https://livetv.com/dash/tvid-audio=384000-81959277772974.dash>
2024-02-09 14:22:36.554 T:6844    debug <general>: AddOnLog: inputstream.adaptive: Download finished: https://livetv.com/dash/tvid-textstream=0-85374247680.dash (downloaded 1425 byte, speed 237500.00 byte/s)
2024-02-09 14:22:36.554 T:6844    debug <general>: CurlFile::XFILE::CCurlFile::Open - <https://livetv.com/dash/tvid-textstream=0-85374247776.dash>
2024-02-09 14:22:36.568 T:8368    debug <general>: AddOnLog: inputstream.adaptive: Download finished: https://livetv.com/dash/tvid-audio=384000-81959277772974.dash (downloaded 92420 byte, speed 5436470.00 byte/s)
2024-02-09 14:22:36.569 T:8368    debug <general>: CurlFile::XFILE::CCurlFile::Open - <https://livetv.com/dash/tvid-audio=384000-81959277865134.dash>
2024-02-09 14:22:36.570 T:6844    debug <general>: AddOnLog: inputstream.adaptive: Download finished: https://livetv.com/dash/tvid-textstream=0-85374247776.dash (downloaded 1387 byte, speed 86687.00 byte/s)
2024-02-09 14:22:36.571 T:6844    debug <general>: CurlFile::XFILE::CCurlFile::Open - <https://livetv.com/dash/tvid-textstream=0-85374247872.dash>
2024-02-09 14:22:36.573 T:5248    debug <general>: CVideoPlayerVideo - Stillframe left, switching to normal playback
2024-02-09 14:22:36.573 T:5248    debug <general>: CVideoPlayerVideo::CalcDropRequirement - hurry: 0
2024-02-09 14:22:36.573 T:5248    debug <general>: DXVA: open decoder.
2024-02-09 14:22:36.573 T:5248  warning <general>: DXVA::CContext::CreateContext: using app d3d11 device for decoding due extended NV12 shared textures it's not supported.
2024-02-09 14:22:36.575 T:5392    debug <general>: CDVDDemuxClient::ParsePacket - (1001) samplerate changed from 0 to 48000
2024-02-09 14:22:36.575 T:5392     info <general>: Opening stream: 1004 source: 256
2024-02-09 14:22:36.575 T:5392    debug <general>: AddOnLog: inputstream.adaptive: OpenStream(1004)
2024-02-09 14:22:36.575 T:5392    debug <general>: AddOnLog: inputstream.adaptive: GetStream(1004)
2024-02-09 14:22:36.575 T:5392     info <general>: Opening stream: 1001 source: 256
2024-02-09 14:22:36.575 T:5392    debug <general>: AddOnLog: inputstream.adaptive: OpenStream(1001)
2024-02-09 14:22:36.575 T:5392    debug <general>: AddOnLog: inputstream.adaptive: GetStream(1001)
2024-02-09 14:22:36.575 T:5392     info <general>: Finding audio codec for: 86019
2024-02-09 14:22:36.575 T:5392     info <general>: CDVDAudioCodecFFmpeg::Open() Successful opened audio decoder ac3
2024-02-09 14:22:36.575 T:5392     info <general>: Opening stream: 1003 source: 256
2024-02-09 14:22:36.575 T:5392    debug <general>: AddOnLog: inputstream.adaptive: OpenStream(1003)
2024-02-09 14:22:36.575 T:5392    debug <general>: AddOnLog: inputstream.adaptive: GetStream(1003)
2024-02-09 14:22:36.576 T:5392    debug <general>: AddOnLog: inputstream.adaptive: EnableStream(1002: false)
2024-02-09 14:22:36.576 T:5392    debug <general>: AddOnLog: inputstream.adaptive: EnableStream(1005: false)
2024-02-09 14:22:36.578 T:5248    debug <general>: DXVA: supports DFB0145A-37f2-4657-a3bb-c17fb63f879c
2024-02-09 14:22:36.578 T:5248    debug <general>: DXVA: unable to find an input/output format combination.
2024-02-09 14:22:36.578 T:5248    debug <general>: DXVA::CDecoder::~CDecoder: destructing decoder, 0x24717c3c850.
2024-02-09 14:22:36.578 T:5248     info <general>: DXVA::CDecoder::Close: closing decoder.
2024-02-09 14:22:36.578 T:5248     info <general>: DXVA: closing decoder context.
2024-02-09 14:22:36.580 T:5964    debug <general>: CVideoPlayerAudio - CDVDMsg::GENERAL_PAUSE: false
2024-02-09 14:22:36.580 T:5964    debug <general>: CVideoPlayerAudio: stream props changed, checking for passthrough
2024-02-09 14:22:36.581 T:5392    debug <general>: CVideoPlayer::HandleMessages - player 1 reported state: 0
2024-02-09 14:22:36.581 T:5964     info <general>: CDVDAudioCodecFFmpeg::Open() Successful opened audio decoder ac3
2024-02-09 14:22:36.581 T:5964    debug <general>: CVideoPlayerAudio: stream props changed, checking for passthrough
2024-02-09 14:22:36.581 T:5964     info <general>: CDVDAudioCodecFFmpeg::Open() Successful opened audio decoder ac3
2024-02-09 14:22:36.581 T:5964     info <general>: Creating audio stream (codec id: 86019, channels: 6, sample rate: 48000, no pass-through)
2024-02-09 14:22:36.581 T:5964    debug <general>: CVideoPlayerAudio:: synctype set to 1: resample
2024-02-09 14:22:36.587 T:8368    debug <general>: AddOnLog: inputstream.adaptive: Download finished: https://livetv.com/dash/tvid-audio=384000-81959277865134.dash (downloaded 92420 byte, speed 5436470.00 byte/s)
2024-02-09 14:22:36.587 T:8368    debug <general>: CurlFile::XFILE::CCurlFile::Open - <https://livetv.com/dash/tvid-audio=384000-81959277957294.dash>
2024-02-09 14:22:36.591 T:6844    debug <general>: AddOnLog: inputstream.adaptive: Download finished: https://livetv.com/dash/tvid-textstream=0-85374247872.dash (downloaded 1143 byte, speed 57150.00 byte/s)
2024-02-09 14:22:36.591 T:6844    debug <general>: CurlFile::XFILE::CCurlFile::Open - <https://livetv.com/dash/tvid-textstream=0-85374247968.dash>
2024-02-09 14:22:36.593 T:5248     info <general>: CDVDVideoCodecFFmpeg::Open() Using codec: H.264 / AVC / MPEG-4 AVC / MPEG-4 part 10
2024-02-09 14:22:36.593 T:5248    debug <general>: CDVDVideoCodecFFmpeg - open frame threaded with 3 threads
2024-02-09 14:22:36.593 T:5248    debug <general>: CDVDVideoCodecFFmpeg - Updated codec: ff-h264
2024-02-09 14:22:36.593 T:5248    debug <general>: CVideoPlayerVideo::CalcDropRequirement - hurry: 0
2024-02-09 14:22:36.601 T:5392     info <general>: Skipped 1 duplicate messages..
2024-02-09 14:22:36.601 T:5392    debug <general>: CVideoPlayer::HandleMessages - player 2 reported state: 0
2024-02-09 14:22:36.601 T:5248    debug <general>: CVideoPlayerVideo::CalcDropRequirement - hurry: 0
2024-02-09 14:22:36.606 T:8368    debug <general>: AddOnLog: inputstream.adaptive: Download finished: https://livetv.com/dash/tvid-audio=384000-81959277957294.dash (downloaded 92420 byte, speed 5134444.00 byte/s)
2024-02-09 14:22:36.606 T:8368    debug <general>: CurlFile::XFILE::CCurlFile::Open - <https://livetv.com/dash/tvid-audio=384000-81959278049454.dash>
2024-02-09 14:22:36.608 T:6844    debug <general>: AddOnLog: inputstream.adaptive: Download finished: https://livetv.com/dash/tvid-textstream=0-85374247968.dash (downloaded 1375 byte, speed 85937.00 byte/s)
2024-02-09 14:22:36.608 T:6844    debug <general>: CurlFile::XFILE::CCurlFile::Open - <https://livetv.com/dash/tvid-textstream=0-85374248064.dash>
2024-02-09 14:22:36.622 T:8368    debug <general>: AddOnLog: inputstream.adaptive: Download finished: https://livetv.com/dash/tvid-audio=384000-81959278049454.dash (downloaded 92420 byte, speed 6161333.00 byte/s)
2024-02-09 14:22:36.622 T:8368    debug <general>: CurlFile::XFILE::CCurlFile::Open - <https://livetv.com/dash/tvid-audio=384000-81959278141614.dash>
2024-02-09 14:22:36.630 T:11156    info <general>: CActiveAESink::OpenSink - initialize sink
2024-02-09 14:22:36.630 T:11156   debug <general>: CAESinkDirectSound::Deinitialize: Cleaning up
2024-02-09 14:22:36.635 T:6844    debug <general>: AddOnLog: inputstream.adaptive: Download finished: https://livetv.com/dash/tvid-textstream=0-85374248064.dash (downloaded 1170 byte, speed 43333.00 byte/s)
2024-02-09 14:22:36.638 T:8368    debug <general>: AddOnLog: inputstream.adaptive: Download finished: https://livetv.com/dash/tvid-audio=384000-81959278141614.dash (downloaded 92420 byte, speed 6161333.00 byte/s)
2024-02-09 14:22:36.641 T:5248    debug <general>: CVideoPlayerVideo::CalcDropRequirement - hurry: 0
2024-02-09 14:22:36.646 T:11156   debug <general>: CActiveAESink::OpenSink - trying to open device DIRECTSOUND:default
2024-02-09 14:22:36.651 T:5248    debug <general>: CRenderManager::Configure - change configuration. 1920x1080. display: 1920x1080. framerate: 50.00.
2024-02-09 14:22:36.659 T:7172    debug <general>: CRenderManager::DeleteRenderer - deleting renderer
2024-02-09 14:22:36.659 T:7172    debug <general>: CWinRenderer::SelectRenderer: requested render method: 0
2024-02-09 14:22:36.659 T:7172    debug <general>: CWinRenderer::SelectRenderer: selected render method: Pixel Shaders
2024-02-09 14:22:36.659 T:7172    debug <general>: CWIN32Util::GetWindowsHDRStatus: Display is not HDR capable or cannot be detected
2024-02-09 14:22:36.660 T:7172    debug <general>: CRendererBase::CreateIntermediateTarget: intermediate target format 87.
2024-02-09 14:22:36.661 T:11156   debug <general>: CAESinkDirectSound::Initialize: Using Window handle: 0x1204e2
2024-02-09 14:22:36.664 T:11156   debug <general>: CAESinkDirectSound::Initialize: secondary buffer created
2024-02-09 14:22:36.664 T:11156   debug <general>: CAESinkDirectSound::Initialize: Initializing DirectSound with the following parameters:
2024-02-09 14:22:36.664 T:11156   debug <general>:   Audio Device    : Speakers (High Definition Audio Device)
2024-02-09 14:22:36.664 T:11156   debug <general>:   Sample Rate     : 48000
2024-02-09 14:22:36.664 T:11156   debug <general>:   Sample Format   : AE_FMT_FLOAT
2024-02-09 14:22:36.664 T:11156   debug <general>:   Bits Per Sample : 32
2024-02-09 14:22:36.664 T:11156   debug <general>:   Valid Bits/Samp : 32
2024-02-09 14:22:36.664 T:11156   debug <general>:   Channel Count   : 2
2024-02-09 14:22:36.664 T:11156   debug <general>:   Block Align     : 8
2024-02-09 14:22:36.664 T:11156   debug <general>:   Avg. Bytes Sec  : 384000
2024-02-09 14:22:36.664 T:11156   debug <general>:   Samples/Block   : 32
2024-02-09 14:22:36.664 T:11156   debug <general>:   Format cBSize   : 22
2024-02-09 14:22:36.664 T:11156   debug <general>:   Channel Layout  : FL, FR
2024-02-09 14:22:36.664 T:11156   debug <general>:   Channel Mask    : 3
2024-02-09 14:22:36.664 T:11156   debug <general>:   Frames          : 720
2024-02-09 14:22:36.664 T:11156   debug <general>:   Frame Size      : 8
2024-02-09 14:22:36.664 T:11156   debug <general>: CActiveAESink::OpenSink - DIRECTSOUND Initialized:
2024-02-09 14:22:36.664 T:11156   debug <general>:   Output Device : default
2024-02-09 14:22:36.665 T:11156   debug <general>:   Sample Rate   : 48000
2024-02-09 14:22:36.665 T:11156   debug <general>:   Sample Format : AE_FMT_FLOAT
2024-02-09 14:22:36.665 T:11156   debug <general>:   Channel Count : 2
2024-02-09 14:22:36.665 T:11156   debug <general>:   Channel Layout: FL, FR
2024-02-09 14:22:36.665 T:11156   debug <general>:   Frames        : 720
2024-02-09 14:22:36.665 T:11156   debug <general>:   Frame Size    : 8
2024-02-09 14:22:36.665 T:8472    debug <general>: AddOnLog: inputstream.adaptive: Download finished: https://livetv.com/dash/tvid-video=6000000-1024490968704.dash (downloaded 1511505 byte, speed 10796464.00 byte/s)
2024-02-09 14:22:36.665 T:8472    debug <general>: CurlFile::XFILE::CCurlFile::Open - <https://livetv.com/dash/tvid-video=6000000-1024490969856.dash>
2024-02-09 14:22:36.665 T:10032   debug <general>: CActiveAE::ClearDiscardedBuffers - buffer pool deleted
2024-02-09 14:22:36.665 T:5964     info <general>: Skipped 1 duplicate messages..
2024-02-09 14:22:36.665 T:5964    debug <general>: CVideoPlayerAudio:: synctype set to 1: resample
2024-02-09 14:22:36.666 T:5392    debug <general>: CVideoPlayer::HandleMessages - player started 1
2024-02-09 14:22:36.666 T:5392    debug <general>: CDVDClock::SetSpeedAdjust - adjusted:0.000000
2024-02-09 14:22:36.666 T:6760    debug <general>: AddOnLog: inputstream.adaptive: [Repr. chooser] Current average bandwidth: 63546482 bit/s (filtered to 57191833 bit/s)
2024-02-09 14:22:36.680 T:7172    debug <general>: CRenderManager::Configure - 6
2024-02-09 14:22:36.680 T:5392    debug <general>: CVideoPlayer::HandleMessages - player started 2
2024-02-09 14:22:36.680 T:5392    debug <general>: VideoPlayer::Sync - Audio - pts: 1707484948131625.000000, cache: 319999.933243, totalcache: 780000.030994
2024-02-09 14:22:36.680 T:5392    debug <general>: VideoPlayer::Sync - Video - pts: 1707484947860000.000000, cache: 50000.000000, totalcache: 100000.000000
2024-02-09 14:22:36.680 T:5964    debug <general>: CVideoPlayerAudio - CDVDMsg::GENERAL_RESYNC(1707484946951625.000000), level: 20, cache: 319999.933243
2024-02-09 14:22:36.680 T:5964    debug <general>: CDVDAudio::Resume - resume audio stream
2024-02-09 14:22:36.682 T:10032   debug <general>: ActiveAE - start sync of audio stream
2024-02-09 14:22:36.684 T:5248    debug <general>: CVideoPlayerVideo - CDVDMsg::GENERAL_RESYNC(1707484946951625.000000)
2024-02-09 14:22:36.684 T:5248    debug <general>: CVideoPlayerVideo::CalcDropRequirement - hurry: 0
2024-02-09 14:22:36.691 T:5248    debug <general>: CVideoPlayerVideo::CalcDropRequirement - hurry: 1
2024-02-09 14:22:36.697 T:7172    debug <general>: CWinShader::LoadEffect: loading shader special://xbmc/system/shaders/output_d3d.fx
2024-02-09 14:22:36.720 T:11156   debug <general>: CAESinkDirectSound::CheckPlayStatus: Resuming Playback
2024-02-09 14:22:36.742 T:7172    debug <general>: CWinShader::LoadEffect: loading shader special://xbmc/system/shaders/yuv2rgb_d3d.fx
2024-02-09 14:22:36.768 T:8232    debug <general>: CApplicationPlayerCallback::OnAVChange: CApplication::OnAVChange
2024-02-09 14:22:36.768 T:8232     info <general>: Skipped 2 duplicate messages..
2024-02-09 14:22:36.768 T:8232    debug <general>: CApplicationPlayerCallback::OnAVStarted: CApplication::OnAVStarted
2024-02-09 14:22:36.782 T:10032   debug <general>: ActiveAE::SyncStream - average error of 863.985492, start adjusting
2024-02-09 14:22:36.797 T:7172    debug <general>: ------ Window Deinit (DialogBusy.xml) ------
2024-02-09 14:22:37.166 T:9832    debug <general>: Version Check: Version installed {'major': 20, 'minor': 3, 'revision': '20240110-6fb2bfc7ff', 'tag': 'stable'}
2024-02-09 14:22:37.166 T:9832    debug <general>: Version Check: Version available  {'major': '20', 'minor': '1', 'tag': 'stable', 'tagversion': '', 'revision': '20230312-289ec664e3', 'extrainfo': 'final', 'addon_support': 'yes'}
2024-02-09 14:22:37.166 T:9832    debug <general>: Version Check: There is no newer stable available
2024-02-09 14:22:37.166 T:9832    debug <general>: CPythonInvoker(1, C:\Kodi\portable_data\addons\service.xbmc.versioncheck\resources\lib\runner.py): script successfully run
2024-02-09 14:22:37.166 T:9832    debug <general>: CPythonInvoker::onExecutionDone(1, C:\Kodi\portable_data\addons\service.xbmc.versioncheck\resources\lib\runner.py)
2024-02-09 14:22:37.183 T:9832    debug <general>: Python interpreter stopped
2024-02-09 14:22:37.183 T:9832    debug <general>: Thread LanguageInvoker 9832 terminating
2024-02-09 14:22:37.258 T:5248  warning <general>: CVideoPlayerVideo::OutputPicture - timeout waiting for buffer
2024-02-09 14:22:37.277 T:8472    debug <general>: AddOnLog: inputstream.adaptive: Download finished: https://livetv.com/dash/tvid-video=6000000-1024490969856.dash (downloaded 1428640 byte, speed 2334379.00 byte/s)
2024-02-09 14:22:37.278 T:4704    debug <general>: AddOnLog: inputstream.adaptive: [Repr. chooser] Current average bandwidth: 48589332 bit/s (filtered to 43730398 bit/s)
2024-02-09 14:22:37.278 T:8472    debug <general>: CurlFile::XFILE::CCurlFile::Open - <https://livetv.com/dash/tvid-video=6000000-1024490971008.dash>
2024-02-09 14:22:37.670 T:10032   debug <general>: ActiveAE::SyncStream - average error -0.003398, last average error: 863.985492
2024-02-09 14:22:37.783 T:10032   debug <general>: ActiveAE::SyncStream - average error of -95.235547, start adjusting
2024-02-09 14:22:37.783 T:10032   debug <general>: ActiveAE::SyncStream - average error -20.235547 below threshold of 30.000000
2024-02-09 14:22:37.813 T:5248    debug <general>: CVideoPlayerVideo::CalcDropRequirement - hurry: 1
2024-02-09 14:22:37.814 T:5248     info <general>: CDVDVideoCodecFFmpeg::CDropControl: calculated diff time: 20000
2024-02-09 14:22:37.825 T:5248    debug <general>: CVideoPlayerVideo::CalcDropRequirement - hurry: 0
2024-02-09 14:22:37.827 T:8472    debug <general>: AddOnLog: inputstream.adaptive: Download finished: https://livetv.com/dash/tvid-video=6000000-1024490971008.dash (downloaded 1487182 byte, speed 2708892.00 byte/s)
2024-02-09 14:22:37.827 T:8472    debug <general>: CurlFile::XFILE::CCurlFile::Open - <https://livetv.com/dash/tvid-video=6000000-1024490972160.dash>
2024-02-09 14:22:37.840 T:5248    debug <general>: CVideoPlayerVideo::CalcDropRequirement - hurry: 1
2024-02-09 14:22:37.962 T:8472     info <general>: Skipped 1 duplicate messages..
2024-02-09 14:22:37.962 T:8472    debug <general>: AddOnLog: inputstream.adaptive: Download finished: https://livetv.com/dash/tvid-video=6000000-1024490972160.dash (downloaded 1384210 byte, speed 10329925.00 byte/s)
2024-02-09 14:22:37.962 T:6760    debug <general>: AddOnLog: inputstream.adaptive: [Repr. chooser] Current average bandwidth: 50015706 bit/s (filtered to 45014135 bit/s)
2024-02-09 14:22:37.963 T:8472    debug <general>: CurlFile::XFILE::CCurlFile::Open - <https://livetv.com/dash/tvid-video=6000000-1024490973312.dash>
2024-02-09 14:22:37.973 T:6760    debug <general>: AddOnLog: inputstream.adaptive: [Repr. chooser] Current average bandwidth: 50015706 bit/s (filtered to 45014135 bit/s)
2024-02-09 14:22:38.069 T:8472    debug <general>: AddOnLog: inputstream.adaptive: Download finished: https://livetv.com/dash/tvid-video=6000000-1024490973312.dash (downloaded 1453291 byte, speed 13840866.00 byte/s)
2024-02-09 14:22:38.069 T:8472    debug <general>: CurlFile::XFILE::CCurlFile::Open - <https://livetv.com/dash/tvid-video=6000000-1024490974464.dash>
2024-02-09 14:22:38.174 T:8472    debug <general>: AddOnLog: inputstream.adaptive: Download finished: https://livetv.com/dash/tvid-video=6000000-1024490974464.dash (downloaded 1441070 byte, speed 13856442.00 byte/s)
2024-02-09 14:22:38.174 T:8472    debug <general>: CurlFile::XFILE::CCurlFile::Open - <https://livetv.com/dash/tvid-video=6000000-1024490975616.dash>
2024-02-09 14:22:38.302 T:8472    debug <general>: AddOnLog: inputstream.adaptive: Download finished: https://livetv.com/dash/tvid-video=6000000-1024490975616.dash (downloaded 1459347 byte, speed 11490921.00 byte/s)
2024-02-09 14:22:38.302 T:8472    debug <general>: CurlFile::XFILE::CCurlFile::Open - <https://livetv.com/dash/tvid-video=6000000-1024490976768.dash>
2024-02-09 14:22:38.419 T:8472    debug <general>: AddOnLog: inputstream.adaptive: Download finished: https://livetv.com/dash/tvid-video=6000000-1024490976768.dash (downloaded 1421050 byte, speed 12250431.00 byte/s)
2024-02-09 14:22:38.976 T:4704    debug <general>: CurlFile::XFILE::CCurlFile::Open - <https://livetv.com/tvid.mpd?token=tokenid>
2024-02-09 14:22:38.983 T:4704    debug <general>: AddOnLog: inputstream.adaptive: Download finished: https://livetv.com/tvid.mpd?token=tokenid (downloaded 7319 byte, speed 74898255.01 byte/s)
2024-02-09 14:22:38.985 T:4704    debug <general>: AddOnLog: inputstream.adaptive: adaptive::DASHTree::RefreshLiveSegments: Full update without start number (repr. id: audio=384000 current start: 1)
2024-02-09 14:22:38.985 T:4704    debug <general>: AddOnLog: inputstream.adaptive: adaptive::DASHTree::RefreshLiveSegments: Full update without start number (repr. id: audio=128000 current start: 1)
2024-02-09 14:22:38.985 T:4704    debug <general>: AddOnLog: inputstream.adaptive: adaptive::DASHTree::RefreshLiveSegments: Full update without start number (repr. id: textstream=0 current start: 1)
2024-02-09 14:22:38.985 T:4704    debug <general>: AddOnLog: inputstream.adaptive: adaptive::DASHTree::RefreshLiveSegments: Full update without start number (repr. id: video=384000 current start: 1)
2024-02-09 14:22:38.985 T:4704    debug <general>: AddOnLog: inputstream.adaptive: adaptive::DASHTree::RefreshLiveSegments: Full update without start number (repr. id: video=1600000 current start: 1)
2024-02-09 14:22:38.985 T:4704    debug <general>: AddOnLog: inputstream.adaptive: adaptive::DASHTree::RefreshLiveSegments: Full update without start number (repr. id: video=2500000 current start: 1)
2024-02-09 14:22:38.985 T:4704    debug <general>: AddOnLog: inputstream.adaptive: adaptive::DASHTree::RefreshLiveSegments: Full update without start number (repr. id: video=4000000 current start: 1)
2024-02-09 14:22:38.985 T:4704    debug <general>: AddOnLog: inputstream.adaptive: adaptive::DASHTree::RefreshLiveSegments: Full update without start number (repr. id: video=6000000 current start: 1)
2024-02-09 14:22:38.985 T:4704    debug <general>: AddOnLog: inputstream.adaptive: adaptive::DASHTree::RefreshLiveSegments: Full update without start number (repr. id: video=384000(mode=trik) current start: 1)
2024-02-09 14:22:38.985 T:4704    debug <general>: AddOnLog: inputstream.adaptive: adaptive::DASHTree::RefreshLiveSegments: Full update without start number (repr. id: video=1600000(mode=trik) current start: 1)
2024-02-09 14:22:38.985 T:4704    debug <general>: AddOnLog: inputstream.adaptive: adaptive::DASHTree::RefreshLiveSegments: Full update without start number (repr. id: video=2500000(mode=trik) current start: 1)
2024-02-09 14:22:38.985 T:4704    debug <general>: AddOnLog: inputstream.adaptive: adaptive::DASHTree::RefreshLiveSegments: Full update without start number (repr. id: video=4000000(mode=trik) current start: 1)
2024-02-09 14:22:38.985 T:4704    debug <general>: AddOnLog: inputstream.adaptive: adaptive::DASHTree::RefreshLiveSegments: Full update without start number (repr. id: video=6000000(mode=trik) current start: 1)
2024-02-09 14:22:38.986 T:4704    debug <general>: AddOnLog: inputstream.adaptive: [Repr. chooser] Current average bandwidth: 126077385 bit/s (filtered to 113469646 bit/s)
2024-02-09 14:22:39.886 T:5248    debug <general>: CVideoPlayerVideo::CalcDropRequirement - hurry: 1
2024-02-09 14:22:40.032 T:5248     info <general>: Skipped 1 duplicate messages..
2024-02-09 14:22:40.032 T:5248    debug <general>: CPtsTracker: detected pattern of length 1: 20000.00, frameduration: 20000.000000
2024-02-09 14:22:40.883 T:5248    debug <general>: CVideoPlayerVideo::CalcDropRequirement - hurry: 1
2024-02-09 14:22:40.924 T:6760    debug <general>: AddOnLog: inputstream.adaptive: [Repr. chooser] Current average bandwidth: 126077385 bit/s (filtered to 113469646 bit/s)
2024-02-09 14:22:41.873 T:5248    debug <general>: CVideoPlayerVideo::CalcDropRequirement - hurry: 1
2024-02-09 14:22:41.971 T:344     debug <general>: [WS-Discovery]: The initial servers search has completed successfully with 2 server(s) found:
                                                   192.168.2.97
                                                   192.168.2.107
2024-02-09 14:22:41.980 T:11100   debug <general>: CurlFile::XFILE::CCurlFile::Open - <https://livetv.com/tvid.mpd?token=tokenid>
2024-02-09 14:22:42.043 T:11100   debug <general>: AddOnLog: inputstream.adaptive: Download finished: https://livetv.com/tvid.mpd?token=tokenid (downloaded 7319 byte, speed 8456230.34 byte/s)
2024-02-09 14:22:42.044 T:11100   debug <general>: AddOnLog: inputstream.adaptive: adaptive::DASHTree::RefreshLiveSegments: Full update without start number (repr. id: audio=384000 current start: 1)
2024-02-09 14:22:42.044 T:11100   debug <general>: AddOnLog: inputstream.adaptive: adaptive::DASHTree::RefreshLiveSegments: Full update without start number (repr. id: audio=128000 current start: 1)
2024-02-09 14:22:42.044 T:11100   debug <general>: AddOnLog: inputstream.adaptive: adaptive::DASHTree::RefreshLiveSegments: Full update without start number (repr. id: textstream=0 current start: 1)
2024-02-09 14:22:42.044 T:11100   debug <general>: AddOnLog: inputstream.adaptive: adaptive::DASHTree::RefreshLiveSegments: Full update without start number (repr. id: video=384000 current start: 1)
2024-02-09 14:22:42.044 T:11100   debug <general>: AddOnLog: inputstream.adaptive: adaptive::DASHTree::RefreshLiveSegments: Full update without start number (repr. id: video=1600000 current start: 1)
2024-02-09 14:22:42.044 T:11100   debug <general>: AddOnLog: inputstream.adaptive: adaptive::DASHTree::RefreshLiveSegments: Full update without start number (repr. id: video=2500000 current start: 1)
2024-02-09 14:22:42.044 T:11100   debug <general>: AddOnLog: inputstream.adaptive: adaptive::DASHTree::RefreshLiveSegments: Full update without start number (repr. id: video=4000000 current start: 1)
2024-02-09 14:22:42.044 T:11100   debug <general>: AddOnLog: inputstream.adaptive: adaptive::DASHTree::RefreshLiveSegments: Full update without start number (repr. id: video=6000000 current start: 1)
2024-02-09 14:22:42.044 T:11100   debug <general>: AddOnLog: inputstream.adaptive: adaptive::DASHTree::RefreshLiveSegments: Full update without start number (repr. id: video=384000(mode=trik) current start: 1)
2024-02-09 14:22:42.044 T:11100   debug <general>: AddOnLog: inputstream.adaptive: adaptive::DASHTree::RefreshLiveSegments: Full update without start number (repr. id: video=1600000(mode=trik) current start: 1)
2024-02-09 14:22:42.044 T:11100   debug <general>: AddOnLog: inputstream.adaptive: adaptive::DASHTree::RefreshLiveSegments: Full update without start number (repr. id: video=2500000(mode=trik) current start: 1)
2024-02-09 14:22:42.044 T:11100   debug <general>: AddOnLog: inputstream.adaptive: adaptive::DASHTree::RefreshLiveSegments: Full update without start number (repr. id: video=4000000(mode=trik) current start: 1)
2024-02-09 14:22:42.044 T:11100   debug <general>: AddOnLog: inputstream.adaptive: adaptive::DASHTree::RefreshLiveSegments: Full update without start number (repr. id: video=6000000(mode=trik) current start: 1)
2024-02-09 14:22:42.804 T:6760    debug <general>: AddOnLog: inputstream.adaptive: [Repr. chooser] Current average bandwidth: 128770244 bit/s (filtered to 115893219 bit/s)
2024-02-09 14:22:42.804 T:8472    debug <general>: CurlFile::XFILE::CCurlFile::Open - <https://livetv.com/dash/tvid-video=6000000-1024490977920.dash>
2024-02-09 14:22:42.817 T:8368    debug <general>: CurlFile::XFILE::CCurlFile::Open - <https://livetv.com/dash/tvid-audio=384000-81959278233774.dash>
2024-02-09 14:22:42.817 T:6844    debug <general>: CurlFile::XFILE::CCurlFile::Open - <https://livetv.com/dash/tvid-textstream=0-85374248160.dash>
2024-02-09 14:22:42.826 T:6844    debug <general>: AddOnLog: inputstream.adaptive: Download finished: https://livetv.com/dash/tvid-textstream=0-85374248160.dash (downloaded 1170 byte, speed 146250.00 byte/s)
2024-02-09 14:22:42.826 T:6844    debug <general>: CurlFile::XFILE::CCurlFile::Open - <https://livetv.com/dash/tvid-textstream=0-85374248256.dash>
2024-02-09 14:22:42.875 T:10032   debug <general>: ActiveAE::SyncStream - average error -261.971439 above threshold of 200.000000
2024-02-09 14:22:42.877 T:8368    debug <general>: AddOnLog: inputstream.adaptive: Download finished: https://livetv.com/dash/tvid-audio=384000-81959278233774.dash (downloaded 92420 byte, speed 1540333.00 byte/s)
2024-02-09 14:22:42.877 T:8368    debug <general>: CurlFile::XFILE::CCurlFile::Open - <https://livetv.com/dash/tvid-audio=384000-81959278325934.dash>
2024-02-09 14:22:42.884 T:6844    debug <general>: AddOnLog: inputstream.adaptive: Download finished: https://livetv.com/dash/tvid-textstream=0-85374248256.dash (downloaded 306 byte, speed 5275.00 byte/s)
2024-02-09 14:22:42.885 T:6844    debug <general>: CurlFile::XFILE::CCurlFile::Open - <https://livetv.com/dash/tvid-textstream=0-85374248352.dash>
2024-02-09 14:22:42.898 T:10032   debug <general>: ActiveAE::SyncStream - average error -23.138106 below threshold of 30.000000
2024-02-09 14:22:42.905 T:8368    debug <general>: AddOnLog: inputstream.adaptive: Download finished: https://livetv.com/dash/tvid-audio=384000-81959278325934.dash (downloaded 92420 byte, speed 3300714.00 byte/s)
2024-02-09 14:22:42.906 T:8368    debug <general>: CurlFile::XFILE::CCurlFile::Open - <https://livetv.com/dash/tvid-audio=384000-81959278418094.dash>
2024-02-09 14:22:42.916 T:6844    debug <general>: AddOnLog: inputstream.adaptive: Download finished: https://livetv.com/dash/tvid-textstream=0-85374248352.dash (downloaded 1180 byte, speed 38064.00 byte/s)
2024-02-09 14:22:42.925 T:8368    debug <general>: AddOnLog: inputstream.adaptive: Download finished: https://livetv.com/dash/tvid-audio=384000-81959278418094.dash (downloaded 92420 byte, speed 4864210.00 byte/s)
2024-02-09 14:22:43.166 T:8472    debug <general>: AddOnLog: inputstream.adaptive: Download finished: https://livetv.com/dash/tvid-video=6000000-1024490977920.dash (downloaded 1425149 byte, speed 3936875.00 byte/s)
2024-02-09 14:22:43.167 T:8472    debug <general>: CurlFile::XFILE::CCurlFile::Open - <https://livetv.com/dash/tvid-video=6000000-1024490979072.dash>
2024-02-09 14:22:43.375 T:8472    debug <general>: AddOnLog: inputstream.adaptive: Download finished: https://livetv.com/dash/tvid-video=6000000-1024490979072.dash (downloaded 1519927 byte, speed 7307341.00 byte/s)
2024-02-09 14:22:43.376 T:8472    debug <general>: CurlFile::XFILE::CCurlFile::Open - <https://livetv.com/dash/tvid-video=6000000-1024490980224.dash>
2024-02-09 14:22:43.855 T:8472    debug <general>: AddOnLog: inputstream.adaptive: Download finished: https://livetv.com/dash/tvid-video=6000000-1024490980224.dash (downloaded 1351550 byte, speed 2827510.00 byte/s)
2024-02-09 14:22:44.728 T:6760    debug <general>: CurlFile::XFILE::CCurlFile::Open - <https://livetv.com/tvid.mpd?token=tokenid>
2024-02-09 14:22:44.789 T:6760    debug <general>: AddOnLog: inputstream.adaptive: Download finished: https://livetv.com/tvid.mpd?token=tokenid (downloaded 7319 byte, speed 8738109.46 byte/s)
2024-02-09 14:22:44.791 T:6760    debug <general>: AddOnLog: inputstream.adaptive: adaptive::DASHTree::RefreshLiveSegments: Full update without start number (repr. id: audio=384000 current start: 1)
2024-02-09 14:22:44.792 T:6760    debug <general>: AddOnLog: inputstream.adaptive: adaptive::DASHTree::RefreshLiveSegments: Full update without start number (repr. id: audio=128000 current start: 1)
2024-02-09 14:22:44.792 T:6760    debug <general>: AddOnLog: inputstream.adaptive: adaptive::DASHTree::RefreshLiveSegments: Full update without start number (repr. id: textstream=0 current start: 1)
2024-02-09 14:22:44.792 T:6760    debug <general>: AddOnLog: inputstream.adaptive: adaptive::DASHTree::RefreshLiveSegments: Full update without start number (repr. id: video=384000 current start: 1)
2024-02-09 14:22:44.792 T:6760    debug <general>: AddOnLog: inputstream.adaptive: adaptive::DASHTree::RefreshLiveSegments: Full update without start number (repr. id: video=1600000 current start: 1)
2024-02-09 14:22:44.792 T:6760    debug <general>: AddOnLog: inputstream.adaptive: adaptive::DASHTree::RefreshLiveSegments: Full update without start number (repr. id: video=2500000 current start: 1)
2024-02-09 14:22:44.792 T:6760    debug <general>: AddOnLog: inputstream.adaptive: adaptive::DASHTree::RefreshLiveSegments: Full update without start number (repr. id: video=4000000 current start: 1)
2024-02-09 14:22:44.792 T:6760    debug <general>: AddOnLog: inputstream.adaptive: adaptive::DASHTree::RefreshLiveSegments: Full update without start number (repr. id: video=6000000 current start: 1)
2024-02-09 14:22:44.792 T:6760    debug <general>: AddOnLog: inputstream.adaptive: adaptive::DASHTree::RefreshLiveSegments: Full update without start number (repr. id: video=384000(mode=trik) current start: 1)
2024-02-09 14:22:44.792 T:6760    debug <general>: AddOnLog: inputstream.adaptive: adaptive::DASHTree::RefreshLiveSegments: Full update without start number (repr. id: video=1600000(mode=trik) current start: 1)
2024-02-09 14:22:44.792 T:6760    debug <general>: AddOnLog: inputstream.adaptive: adaptive::DASHTree::RefreshLiveSegments: Full update without start number (repr. id: video=2500000(mode=trik) current start: 1)
2024-02-09 14:22:44.792 T:6760    debug <general>: AddOnLog: inputstream.adaptive: adaptive::DASHTree::RefreshLiveSegments: Full update without start number (repr. id: video=4000000(mode=trik) current start: 1)
2024-02-09 14:22:44.792 T:6760    debug <general>: AddOnLog: inputstream.adaptive: adaptive::DASHTree::RefreshLiveSegments: Full update without start number (repr. id: video=6000000(mode=trik) current start: 1)
2024-02-09 14:22:44.794 T:6760    debug <general>: AddOnLog: inputstream.adaptive: [Repr. chooser] Current average bandwidth: 126082384 bit/s (filtered to 113474145 bit/s)
2024-02-09 14:22:44.794 T:8472    debug <general>: CurlFile::XFILE::CCurlFile::Open - <https://livetv.com/dash/tvid-video=6000000-1024490981376.dash>
2024-02-09 14:22:44.796 T:8368    debug <general>: CurlFile::XFILE::CCurlFile::Open - <https://livetv.com/dash/tvid-audio=384000-81959278510254.dash>
2024-02-09 14:22:44.797 T:6844    debug <general>: CurlFile::XFILE::CCurlFile::Open - <https://livetv.com/dash/tvid-textstream=0-85374248448.dash>
2024-02-09 14:22:44.813 T:8368    debug <general>: AddOnLog: inputstream.adaptive: Download finished: https://livetv.com/dash/tvid-audio=384000-81959278510254.dash (downloaded 92420 byte, speed 6161333.00 byte/s)
2024-02-09 14:22:44.824 T:6844    debug <general>: AddOnLog: inputstream.adaptive: Download finished: https://livetv.com/dash/tvid-textstream=0-85374248448.dash (downloaded 1393 byte, speed 53576.00 byte/s)
2024-02-09 14:22:44.930 T:8472    debug <general>: AddOnLog: inputstream.adaptive: Download finished: https://livetv.com/dash/tvid-video=6000000-1024490981376.dash (downloaded 1472421 byte, speed 10826625.00 byte/s)
2024-02-09 14:22:46.634 T:4704    debug <general>: AddOnLog: inputstream.adaptive: [Repr. chooser] Current average bandwidth: 123670991 bit/s (filtered to 111303891 bit/s)
2024-02-09 14:22:47.730 T:11100   debug <general>: CurlFile::XFILE::CCurlFile::Open - <https://livetv.com/tvid.mpd?token=tokenid>
2024-02-09 14:22:47.797 T:11100   debug <general>: AddOnLog: inputstream.adaptive: Download finished: https://livetv.com/tvid.mpd?token=tokenid (downloaded 7319 byte, speed 7943690.28 byte/s)
2024-02-09 14:22:47.799 T:11100   debug <general>: AddOnLog: inputstream.adaptive: adaptive::DASHTree::RefreshLiveSegments: Full update without start number (repr. id: audio=384000 current start: 1)
2024-02-09 14:22:47.799 T:11100   debug <general>: AddOnLog: inputstream.adaptive: adaptive::DASHTree::RefreshLiveSegments: Full update without start number (repr. id: audio=128000 current start: 1)
2024-02-09 14:22:47.799 T:11100   debug <general>: AddOnLog: inputstream.adaptive: adaptive::DASHTree::RefreshLiveSegments: Full update without start number (repr. id: textstream=0 current start: 1)
2024-02-09 14:22:47.799 T:11100   debug <general>: AddOnLog: inputstream.adaptive: adaptive::DASHTree::RefreshLiveSegments: Full update without start number (repr. id: video=384000 current start: 1)
2024-02-09 14:22:47.799 T:11100   debug <general>: AddOnLog: inputstream.adaptive: adaptive::DASHTree::RefreshLiveSegments: Full update without start number (repr. id: video=1600000 current start: 1)
2024-02-09 14:22:47.799 T:11100   debug <general>: AddOnLog: inputstream.adaptive: adaptive::DASHTree::RefreshLiveSegments: Full update without start number (repr. id: video=2500000 current start: 1)
2024-02-09 14:22:47.799 T:11100   debug <general>: AddOnLog: inputstream.adaptive: adaptive::DASHTree::RefreshLiveSegments: Full update without start number (repr. id: video=4000000 current start: 1)
2024-02-09 14:22:47.799 T:11100   debug <general>: AddOnLog: inputstream.adaptive: adaptive::DASHTree::RefreshLiveSegments: Full update without start number (repr. id: video=6000000 current start: 1)
2024-02-09 14:22:47.799 T:11100   debug <general>: AddOnLog: inputstream.adaptive: adaptive::DASHTree::RefreshLiveSegments: Full update without start number (repr. id: video=384000(mode=trik) current start: 1)
2024-02-09 14:22:47.799 T:11100   debug <general>: AddOnLog: inputstream.adaptive: adaptive::DASHTree::RefreshLiveSegments: Full update without start number (repr. id: video=1600000(mode=trik) current start: 1)
2024-02-09 14:22:47.799 T:11100   debug <general>: AddOnLog: inputstream.adaptive: adaptive::DASHTree::RefreshLiveSegments: Full update without start number (repr. id: video=2500000(mode=trik) current start: 1)
2024-02-09 14:22:47.799 T:11100   debug <general>: AddOnLog: inputstream.adaptive: adaptive::DASHTree::RefreshLiveSegments: Full update without start number (repr. id: video=4000000(mode=trik) current start: 1)
2024-02-09 14:22:47.799 T:11100   debug <general>: AddOnLog: inputstream.adaptive: adaptive::DASHTree::RefreshLiveSegments: Full update without start number (repr. id: video=6000000(mode=trik) current start: 1)
2024-02-09 14:22:48.570 T:8368    debug <general>: CurlFile::XFILE::CCurlFile::Open - <https://livetv.com/dash/tvid-audio=384000-81959278602414.dash>
2024-02-09 14:22:48.570 T:6760    debug <general>: AddOnLog: inputstream.adaptive: [Repr. chooser] Current average bandwidth: 118940790 bit/s (filtered to 107046711 bit/s)
2024-02-09 14:22:48.570 T:8472    debug <general>: CurlFile::XFILE::CCurlFile::Open - <https://livetv.com/dash/tvid-video=6000000-1024490982528.dash>
2024-02-09 14:22:48.585 T:8368    debug <general>: AddOnLog: inputstream.adaptive: Download finished: https://livetv.com/dash/tvid-audio=384000-81959278602414.dash (downloaded 92420 byte, speed 6161333.00 byte/s)
2024-02-09 14:22:48.585 T:8368    debug <general>: CurlFile::XFILE::CCurlFile::Open - <https://livetv.com/dash/tvid-audio=384000-81959278694574.dash>
2024-02-09 14:22:48.601 T:8368    debug <general>: AddOnLog: inputstream.adaptive: Download finished: https://livetv.com/dash/tvid-audio=384000-81959278694574.dash (downloaded 92420 byte, speed 6161333.00 byte/s)
2024-02-09 14:22:48.718 T:8472    debug <general>: AddOnLog: inputstream.adaptive: Download finished: https://livetv.com/dash/tvid-video=6000000-1024490982528.dash (downloaded 1430714 byte, speed 9732748.00 byte/s)
2024-02-09 14:22:48.718 T:8472    debug <general>: CurlFile::XFILE::CCurlFile::Open - <https://livetv.com/dash/tvid-video=6000000-1024490983680.dash>
2024-02-09 14:22:48.845 T:8472    debug <general>: AddOnLog: inputstream.adaptive: Download finished: https://livetv.com/dash/tvid-video=6000000-1024490983680.dash (downloaded 1463071 byte, speed 11611674.00 byte/s)
2024-02-09 14:22:49.239 T:6844    debug <general>: CurlFile::XFILE::CCurlFile::Open - <https://livetv.com/dash/tvid-textstream=0-85374248544.dash>
2024-02-09 14:22:49.245 T:6844    debug <general>: AddOnLog: inputstream.adaptive: Download finished: https://livetv.com/dash/tvid-textstream=0-85374248544.dash (downloaded 1382 byte, speed 230333.00 byte/s)
2024-02-09 14:22:49.245 T:6844    debug <general>: CurlFile::XFILE::CCurlFile::Open - <https://livetv.com/dash/tvid-textstream=0-85374248640.dash>
2024-02-09 14:22:49.280 T:7172     info <general>: CVideoPlayer::CloseFile()
2024-02-09 14:22:49.280 T:7172    debug <general>: CRenderManager::DeleteRenderer - deleting renderer
2024-02-09 14:22:49.280 T:7172     info <general>: VideoPlayer: waiting for threads to exit
2024-02-09 14:22:49.288 T:5392     info <general>: CVideoPlayer::OnExit()
2024-02-09 14:22:49.288 T:5392    debug <general>: CVideoPlayer: updating file item stream details with available streams
2024-02-09 14:22:49.288 T:5392     info <general>: Closing stream player 1
2024-02-09 14:22:49.288 T:5392    debug <general>: AddOnLog: inputstream.adaptive: EnableStream(1001: false)
2024-02-09 14:22:49.288 T:5392     info <general>: Waiting for audio thread to exit
2024-02-09 14:22:49.298 T:5964     info <general>: thread end: CVideoPlayerAudio::OnExit()
2024-02-09 14:22:49.298 T:5964    debug <general>: Thread VideoPlayerAudio 5964 terminating
2024-02-09 14:22:49.298 T:5392     info <general>: Closing audio device
2024-02-09 14:22:49.328 T:5392    debug <general>: CDVDAudio::Flush - flush audio stream
2024-02-09 14:22:49.328 T:10032   debug <general>: CActiveAE::DiscardStream - audio stream deleted
2024-02-09 14:22:49.328 T:10032   debug <general>: CActiveAE::ClearDiscardedBuffers - buffer pool deleted
2024-02-09 14:22:49.328 T:11156    info <general>: Skipped 2 duplicate messages..
2024-02-09 14:22:49.328 T:11156    info <general>: CActiveAESink::OpenSink - initialize sink
2024-02-09 14:22:49.328 T:11156   debug <general>: CAESinkDirectSound::Deinitialize: Cleaning up
2024-02-09 14:22:49.328 T:5392     info <general>: Deleting audio codec
2024-02-09 14:22:49.328 T:5392     info <general>: Closing stream player 2
2024-02-09 14:22:49.328 T:5392    debug <general>: AddOnLog: inputstream.adaptive: EnableStream(1004: false)
2024-02-09 14:22:49.328 T:5392     info <general>: waiting for video thread to exit
2024-02-09 14:22:49.344 T:11156   debug <general>: CActiveAESink::OpenSink - trying to open device DIRECTSOUND:default
2024-02-09 14:22:49.346 T:11156   debug <general>: CAESinkDirectSound::Initialize: Using Window handle: 0x1204e2
2024-02-09 14:22:49.347 T:11156   debug <general>: CAESinkDirectSound::Initialize: secondary buffer created
2024-02-09 14:22:49.347 T:11156   debug <general>: CAESinkDirectSound::Initialize: Initializing DirectSound with the following parameters:
2024-02-09 14:22:49.347 T:11156   debug <general>:   Audio Device    : Speakers (High Definition Audio Device)
2024-02-09 14:22:49.347 T:11156   debug <general>:   Sample Rate     : 44100
2024-02-09 14:22:49.347 T:11156   debug <general>:   Sample Format   : AE_FMT_FLOAT
2024-02-09 14:22:49.347 T:11156   debug <general>:   Bits Per Sample : 32
2024-02-09 14:22:49.347 T:11156   debug <general>:   Valid Bits/Samp : 32
2024-02-09 14:22:49.347 T:11156   debug <general>:   Channel Count   : 2
2024-02-09 14:22:49.347 T:11156   debug <general>:   Block Align     : 8
2024-02-09 14:22:49.347 T:11156   debug <general>:   Avg. Bytes Sec  : 352800
2024-02-09 14:22:49.347 T:11156   debug <general>:   Samples/Block   : 32
2024-02-09 14:22:49.347 T:11156   debug <general>:   Format cBSize   : 22
2024-02-09 14:22:49.347 T:11156   debug <general>:   Channel Layout  : FL, FR
2024-02-09 14:22:49.347 T:11156   debug <general>:   Channel Mask    : 3
2024-02-09 14:22:49.347 T:11156   debug <general>:   Frames          : 661
2024-02-09 14:22:49.347 T:11156   debug <general>:   Frame Size      : 8
2024-02-09 14:22:49.347 T:11156   debug <general>: CActiveAESink::OpenSink - DIRECTSOUND Initialized:
2024-02-09 14:22:49.347 T:11156   debug <general>:   Output Device : default
2024-02-09 14:22:49.347 T:11156   debug <general>:   Sample Rate   : 44100
2024-02-09 14:22:49.347 T:11156   debug <general>:   Sample Format : AE_FMT_FLOAT
2024-02-09 14:22:49.347 T:11156   debug <general>:   Channel Count : 2
2024-02-09 14:22:49.347 T:11156   debug <general>:   Channel Layout: FL, FR
2024-02-09 14:22:49.347 T:11156   debug <general>:   Frames        : 661
2024-02-09 14:22:49.347 T:11156   debug <general>:   Frame Size    : 8
2024-02-09 14:22:49.347 T:10032   debug <general>: CActiveAE::ClearDiscardedBuffers - buffer pool deleted
2024-02-09 14:22:49.378 T:11156    info <general>: Skipped 1 duplicate messages..
2024-02-09 14:22:49.378 T:11156   debug <general>: CAESinkDirectSound::CheckPlayStatus: Resuming Playback
2024-02-09 14:22:49.378 T:5248  warning <general>: CVideoPlayerVideo::OutputPicture - timeout waiting for buffer
2024-02-09 14:22:49.379 T:5248     info <general>: thread end: video_thread
2024-02-09 14:22:49.379 T:5248    debug <general>: Thread VideoPlayerVideo 5248 terminating
2024-02-09 14:22:49.379 T:5392     info <general>: deleting video codec
2024-02-09 14:22:49.383 T:5392     info <general>: Closing stream player 3
2024-02-09 14:22:49.383 T:5392    debug <general>: AddOnLog: inputstream.adaptive: EnableStream(1003: false)
2024-02-09 14:22:49.692 T:6844    debug <general>: AddOnLog: inputstream.adaptive: The download has been cancelled: https://livetv.com/dash/tvid-textstream=0-85374248640.dash
2024-02-09 14:22:49.693 T:5392    debug <general>: AddOnLog: inputstream.adaptive: Close()
2024-02-09 14:22:49.693 T:5392    debug <general>: AddOnLog: inputstream.adaptive: CSession::~CSession()
2024-02-09 14:22:49.695 T:5392    debug <general>: SECTION:UnloadDll(C:\Kodi\portable_data\addons\inputstream.adaptive\inputstream.adaptive.dll)
2024-02-09 14:22:49.695 T:5392     info <general>: ADDON: Dll Destroyed - InputStream Adaptive
2024-02-09 14:22:49.695 T:5392    debug <general>: Thread VideoPlayer 5392 terminating
2024-02-09 14:22:49.695 T:7172     info <general>: VideoPlayer: finished waiting
2024-02-09 14:22:49.695 T:7172     info <general>: CVideoPlayer::CloseFile()
2024-02-09 14:22:49.695 T:7172     info <general>: VideoPlayer: waiting for threads to exit
2024-02-09 14:22:49.695 T:7172     info <general>: VideoPlayer: finished waiting
2024-02-09 14:22:49.695 T:7172    debug <general>: Radio UECP (RDS) Processor - delete CDVDRadioRDSData::~CDVDRadioRDSData
2024-02-09 14:22:49.695 T:7172    debug <general>: Audio ID3 tag processor - delete CVideoPlayerAudioID3::~CVideoPlayerAudioID3
2024-02-09 14:22:49.731 T:6084    debug <general>: CSaveFileState::DoWork - Saving file state for video item https://livetv.com/tvid.mpd?token=tokenid
2024-02-09 14:22:49.732 T:6084    debug <general>: CSaveFileState::DoWork - Marking video item https://livetv.com/tvid.mpd?token=tokenid as watched
2024-02-09 14:22:49.745 T:6084    debug <general>: CApplicationPlayerCallback::OnPlayBackStopped: CApplication::OnPlayBackStopped
2024-02-09 14:22:49.751 T:7172    debug <general>: CDirectoryProvider[addons://]: refreshing..
2024-02-09 14:22:49.751 T:7172    debug <general>: CDirectoryProvider[addons://sources/video/]: refreshing..
2024-02-09 14:22:49.751 T:7172    debug <general>: CDirectoryProvider[addons://sources/audio/]: refreshing..
2024-02-09 14:22:49.751 T:7172    debug <general>: CDirectoryProvider[addons://sources/game/]: refreshing..
2024-02-09 14:22:49.751 T:7172    debug <general>: CDirectoryProvider[addons://sources/executable/]: refreshing..
2024-02-09 14:22:49.752 T:7172    debug <general>: CDirectoryProvider[addons://sources/image/]: refreshing..
2024-02-09 14:22:49.752 T:8232    debug <general>: CAddonDatabase: SELECT repo.id FROM repo .. took 0 ms
2024-02-09 14:22:49.755 T:8232    debug <general>: CAddonDatabase: query  SELECT addons.*, repo.addonID AS repoID FROM addons JOIN addonlinkrepo ON addons.id=addonlinkrepo.idAddon JOIN repo ON repo.id=addonlinkrepo.idRepo WHERE addonlinkrepo.idRepo IN (1) ORDER BY repo.addonID, addons.addonID returned 1002 rows in 3 ms
2024-02-09 14:22:49.796 T:8232    debug <general>: CAddonDatabase::GetAddons took 44 ms
2024-02-09 14:22:49.798 T:8232    debug <general>: ADDONS: repository.xbmc.org - 999 addon(s) loaded
2024-02-09 14:22:49.801 T:8232    debug <general>: CAddonRepos::BuildUpdateOrOutdatedList: Building update list from installed add-ons
2024-02-09 14:22:49.801 T:8232    debug <general>: ADDONS: update check: addonID = audioencoder.kodi.builtin.aac / Origin = b6a50484-93a0-4afb-a01c-8d17e059feda / Version = 1.0.2
2024-02-09 14:22:49.801 T:8232    debug <general>: ADDONS: update check: addonID = audioencoder.kodi.builtin.wma / Origin = b6a50484-93a0-4afb-a01c-8d17e059feda / Version = 1.0.2
2024-02-09 14:22:49.801 T:8232    debug <general>: ADDONS: update check: addonID = game.controller.default / Origin = b6a50484-93a0-4afb-a01c-8d17e059feda / Version = 1.0.41
2024-02-09 14:22:49.801 T:8232    debug <general>: ADDONS: update check: addonID = game.controller.keyboard / Origin = b6a50484-93a0-4afb-a01c-8d17e059feda / Version = 1.1.33
2024-02-09 14:22:49.801 T:8232    debug <general>: ADDONS: update check: addonID = game.controller.mouse / Origin = b6a50484-93a0-4afb-a01c-8d17e059feda / Version = 1.0.26
2024-02-09 14:22:49.801 T:8232    debug <general>: ADDONS: update check: addonID = game.controller.snes / Origin = b6a50484-93a0-4afb-a01c-8d17e059feda / Version = 1.0.39
2024-02-09 14:22:49.801 T:8232    debug <general>: ADDONS: update check: addonID = inputstream.adaptive / Origin = b6a50484-93a0-4afb-a01c-8d17e059feda / Version = 20.3.17
2024-02-09 14:22:49.801 T:8232    debug <general>: ADDONS: update check: addonID = metadata.album.universal / Origin = b6a50484-93a0-4afb-a01c-8d17e059feda / Version = 3.1.9
2024-02-09 14:22:49.801 T:8232    debug <general>: ADDONS: update check: addonID = metadata.artists.universal / Origin = b6a50484-93a0-4afb-a01c-8d17e059feda / Version = 4.3.11
2024-02-09 14:22:49.801 T:8232    debug <general>: ADDONS: update check: addonID = metadata.common.allmusic.com / Origin = b6a50484-93a0-4afb-a01c-8d17e059feda / Version = 3.2.2
2024-02-09 14:22:49.801 T:8232    debug <general>: ADDONS: update check: addonID = metadata.common.fanart.tv / Origin = b6a50484-93a0-4afb-a01c-8d17e059feda / Version = 3.6.4
2024-02-09 14:22:49.801 T:8232    debug <general>: ADDONS: update check: addonID = metadata.common.musicbrainz.org / Origin = b6a50484-93a0-4afb-a01c-8d17e059feda / Version = 2.2.4
2024-02-09 14:22:49.801 T:8232    debug <general>: ADDONS: update check: addonID = metadata.common.theaudiodb.com / Origin = b6a50484-93a0-4afb-a01c-8d17e059feda / Version = 2.0.3
2024-02-09 14:22:49.801 T:8232    debug <general>: ADDONS: update check: addonID = metadata.generic.albums / Origin = b6a50484-93a0-4afb-a01c-8d17e059feda / Version = 1.0.14
2024-02-09 14:22:49.801 T:8232    debug <general>: ADDONS: update check: addonID = metadata.generic.artists / Origin = b6a50484-93a0-4afb-a01c-8d17e059feda / Version = 1.0.14
2024-02-09 14:22:49.801 T:8232    debug <general>: ADDONS: update check: addonID = metadata.local / Origin = b6a50484-93a0-4afb-a01c-8d17e059feda / Version = 1.0.1
